[2026-08-12 06:51:40] production.ERROR: SQLSTATE[23000]: Integrity constraint violation: 1048 Column 'lang' cannot be null (Connection: mysql, SQL: insert into `product_translations` (`lang`, `product_id`, `name`, `unit`, `description`, `updated_at`, `created_at`) values (?, 1, 8-skewer chicken grill, pc, <p>With lower cabinet</p><p>With 6 1/6" deep 20 cm plates with cover</p><p>Electricly operated</p><p>Spanish heater</p><p>Italian thermostat</p><p>On heavy-duty legs</p><p>Model (A1)</p><p>Made in Saudi Arabia</p><p>Size: 40 x 75 x 90 + 10 cm height</p>, 2026-08-12 06:51:40, 2026-08-12 06:51:40)) {"userId":9,"exception":"[object] (Illuminate\\Database\\QueryException(code: 23000): SQLSTATE[23000]: Integrity constraint violation: 1048 Column 'lang' cannot be null (Connection: mysql, SQL: insert into `product_translations` (`lang`, `product_id`, `name`, `unit`, `description`, `updated_at`, `created_at`) values (?, 1, 8-skewer chicken grill, pc, <p>With lower cabinet</p><p>With 6 1/6\" deep 20 cm plates with cover</p><p>Electricly operated</p><p>Spanish heater</p><p>Italian thermostat</p><p>On heavy-duty legs</p><p>Model (A1)</p><p>Made in Saudi Arabia</p><p>Size: 40 x 75 x 90 + 10 cm height</p>, 2026-08-12 06:51:40, 2026-08-12 06:51:40)) at /home/1216096.cloudwaysapps.com/fcmhbgzmxb/public_html/vendor/laravel/framework/src/Illuminate/Database/Connection.php:829)
[stacktrace]
#0 /home/1216096.cloudwaysapps.com/fcmhbgzmxb/public_html/vendor/laravel/framework/src/Illuminate/Database/Connection.php(783): Illuminate\\Database\\Connection->runQueryCallback()
#1 /home/1216096.cloudwaysapps.com/fcmhbgzmxb/public_html/vendor/laravel/framework/src/Illuminate/Database/MySqlConnection.php(34): Illuminate\\Database\\Connection->run()
#2 /home/1216096.cloudwaysapps.com/fcmhbgzmxb/public_html/vendor/laravel/framework/src/Illuminate/Database/Query/Processors/MySqlProcessor.php(35): Illuminate\\Database\\MySqlConnection->insert()
#3 /home/1216096.cloudwaysapps.com/fcmhbgzmxb/public_html/vendor/laravel/framework/src/Illuminate/Database/Query/Builder.php(3549): Illuminate\\Database\\Query\\Processors\\MySqlProcessor->processInsertGetId()
#4 /home/1216096.cloudwaysapps.com/fcmhbgzmxb/public_html/vendor/laravel/framework/src/Illuminate/Database/Eloquent/Builder.php(1982): Illuminate\\Database\\Query\\Builder->insertGetId()
#5 /home/1216096.cloudwaysapps.com/fcmhbgzmxb/public_html/vendor/laravel/framework/src/Illuminate/Database/Eloquent/Model.php(1334): Illuminate\\Database\\Eloquent\\Builder->__call()
#6 /home/1216096.cloudwaysapps.com/fcmhbgzmxb/public_html/vendor/laravel/framework/src/Illuminate/Database/Eloquent/Model.php(1299): Illuminate\\Database\\Eloquent\\Model->insertAndSetId()
#7 /home/1216096.cloudwaysapps.com/fcmhbgzmxb/public_html/vendor/laravel/framework/src/Illuminate/Database/Eloquent/Model.php(1138): Illuminate\\Database\\Eloquent\\Model->performInsert()
#8 /home/1216096.cloudwaysapps.com/fcmhbgzmxb/public_html/app/Traits/PreventDemoModeChanges.php(38): Illuminate\\Database\\Eloquent\\Model->save()
#9 /home/1216096.cloudwaysapps.com/fcmhbgzmxb/public_html/vendor/laravel/framework/src/Illuminate/Database/Eloquent/Builder.php(1025): App\\Models\\ProductTranslation->save()
#10 /home/1216096.cloudwaysapps.com/fcmhbgzmxb/public_html/vendor/laravel/framework/src/Illuminate/Support/helpers.php(307): Illuminate\\Database\\Eloquent\\Builder->{closure:Illuminate\\Database\\Eloquent\\Builder::create():1024}()
#11 /home/1216096.cloudwaysapps.com/fcmhbgzmxb/public_html/vendor/laravel/framework/src/Illuminate/Database/Eloquent/Builder.php(1024): tap()
#12 /home/1216096.cloudwaysapps.com/fcmhbgzmxb/public_html/vendor/laravel/framework/src/Illuminate/Database/Eloquent/Builder.php(585): Illuminate\\Database\\Eloquent\\Builder->create()
#13 /home/1216096.cloudwaysapps.com/fcmhbgzmxb/public_html/vendor/laravel/framework/src/Illuminate/Database/Eloquent/Builder.php(1728): Illuminate\\Database\\Eloquent\\Builder->{closure:Illuminate\\Database\\Eloquent\\Builder::createOrFirst():585}()
#14 /home/1216096.cloudwaysapps.com/fcmhbgzmxb/public_html/vendor/laravel/framework/src/Illuminate/Database/Eloquent/Builder.php(585): Illuminate\\Database\\Eloquent\\Builder->withSavepointIfNeeded()
#15 /home/1216096.cloudwaysapps.com/fcmhbgzmxb/public_html/vendor/laravel/framework/src/Illuminate/Database/Eloquent/Builder.php(572): Illuminate\\Database\\Eloquent\\Builder->createOrFirst()
#16 /home/1216096.cloudwaysapps.com/fcmhbgzmxb/public_html/vendor/laravel/framework/src/Illuminate/Database/Eloquent/Builder.php(600): Illuminate\\Database\\Eloquent\\Builder->firstOrCreate()
#17 /home/1216096.cloudwaysapps.com/fcmhbgzmxb/public_html/app/Traits/PreventDemoModeChanges.php(74): Illuminate\\Database\\Eloquent\\Builder->updateOrCreate()
#18 /home/1216096.cloudwaysapps.com/fcmhbgzmxb/public_html/app/Http/Controllers/ProductController.php(420): App\\Models\\ProductTranslation::updateOrCreate()
#19 /home/1216096.cloudwaysapps.com/fcmhbgzmxb/public_html/vendor/laravel/framework/src/Illuminate/Routing/Controller.php(54): App\\Http\\Controllers\\ProductController->update()
#20 /home/1216096.cloudwaysapps.com/fcmhbgzmxb/public_html/vendor/laravel/framework/src/Illuminate/Routing/ControllerDispatcher.php(43): Illuminate\\Routing\\Controller->callAction()
#21 /home/1216096.cloudwaysapps.com/fcmhbgzmxb/public_html/vendor/laravel/framework/src/Illuminate/Routing/Route.php(259): Illuminate\\Routing\\ControllerDispatcher->dispatch()
#22 /home/1216096.cloudwaysapps.com/fcmhbgzmxb/public_html/vendor/laravel/framework/src/Illuminate/Routing/Route.php(205): Illuminate\\Routing\\Route->runController()
#23 /home/1216096.cloudwaysapps.com/fcmhbgzmxb/public_html/vendor/laravel/framework/src/Illuminate/Routing/Router.php(806): Illuminate\\Routing\\Route->run()
#24 /home/1216096.cloudwaysapps.com/fcmhbgzmxb/public_html/vendor/laravel/framework/src/Illuminate/Pipeline/Pipeline.php(144): Illuminate\\Routing\\Router->{closure:Illuminate\\Routing\\Router::runRouteWithinStack():805}()
#25 /home/1216096.cloudwaysapps.com/fcmhbgzmxb/public_html/app/Http/Middleware/PreventBackHistory.php(25): Illuminate\\Pipeline\\Pipeline->{closure:Illuminate\\Pipeline\\Pipeline::prepareDestination():142}()
#26 /home/1216096.cloudwaysapps.com/fcmhbgzmxb/public_html/vendor/laravel/framework/src/Illuminate/Pipeline/Pipeline.php(183): App\\Http\\Middleware\\PreventBackHistory->handle()
#27 /home/1216096.cloudwaysapps.com/fcmhbgzmxb/public_html/app/Http/Middleware/IsAdmin.php(20): Illuminate\\Pipeline\\Pipeline->{closure:{closure:Illuminate\\Pipeline\\Pipeline::carry():158}:159}()
#28 /home/1216096.cloudwaysapps.com/fcmhbgzmxb/public_html/vendor/laravel/framework/src/Illuminate/Pipeline/Pipeline.php(183): App\\Http\\Middleware\\IsAdmin->handle()
#29 /home/1216096.cloudwaysapps.com/fcmhbgzmxb/public_html/app/Http/Middleware/CheckForMaintenanceMode.php(64): Illuminate\\Pipeline\\Pipeline->{closure:{closure:Illuminate\\Pipeline\\Pipeline::carry():158}:159}()
#30 /home/1216096.cloudwaysapps.com/fcmhbgzmxb/public_html/vendor/laravel/framework/src/Illuminate/Pipeline/Pipeline.php(183): App\\Http\\Middleware\\CheckForMaintenanceMode->handle()
#31 /home/1216096.cloudwaysapps.com/fcmhbgzmxb/public_html/app/Http/Middleware/HttpsProtocol.php(20): Illuminate\\Pipeline\\Pipeline->{closure:{closure:Illuminate\\Pipeline\\Pipeline::carry():158}:159}()
#32 /home/1216096.cloudwaysapps.com/fcmhbgzmxb/public_html/vendor/laravel/framework/src/Illuminate/Pipeline/Pipeline.php(183): App\\Http\\Middleware\\HttpsProtocol->handle()
#33 /home/1216096.cloudwaysapps.com/fcmhbgzmxb/public_html/app/Http/Middleware/Language.php(35): Illuminate\\Pipeline\\Pipeline->{closure:{closure:Illuminate\\Pipeline\\Pipeline::carry():158}:159}()
#34 /home/1216096.cloudwaysapps.com/fcmhbgzmxb/public_html/vendor/laravel/framework/src/Illuminate/Pipeline/Pipeline.php(183): App\\Http\\Middleware\\Language->handle()
#35 /home/1216096.cloudwaysapps.com/fcmhbgzmxb/public_html/vendor/laravel/framework/src/Illuminate/Routing/Middleware/SubstituteBindings.php(50): Illuminate\\Pipeline\\Pipeline->{closure:{closure:Illuminate\\Pipeline\\Pipeline::carry():158}:159}()
#36 /home/1216096.cloudwaysapps.com/fcmhbgzmxb/public_html/vendor/laravel/framework/src/Illuminate/Pipeline/Pipeline.php(183): Illuminate\\Routing\\Middleware\\SubstituteBindings->handle()
#37 /home/1216096.cloudwaysapps.com/fcmhbgzmxb/public_html/vendor/laravel/framework/src/Illuminate/Auth/Middleware/Authenticate.php(57): Illuminate\\Pipeline\\Pipeline->{closure:{closure:Illuminate\\Pipeline\\Pipeline::carry():158}:159}()
#38 /home/1216096.cloudwaysapps.com/fcmhbgzmxb/public_html/vendor/laravel/framework/src/Illuminate/Pipeline/Pipeline.php(183): Illuminate\\Auth\\Middleware\\Authenticate->handle()
#39 /home/1216096.cloudwaysapps.com/fcmhbgzmxb/public_html/vendor/laravel/framework/src/Illuminate/Foundation/Http/Middleware/VerifyCsrfToken.php(78): Illuminate\\Pipeline\\Pipeline->{closure:{closure:Illuminate\\Pipeline\\Pipeline::carry():158}:159}()
#40 /home/1216096.cloudwaysapps.com/fcmhbgzmxb/public_html/vendor/laravel/framework/src/Illuminate/Pipeline/Pipeline.php(183): Illuminate\\Foundation\\Http\\Middleware\\VerifyCsrfToken->handle()
#41 /home/1216096.cloudwaysapps.com/fcmhbgzmxb/public_html/vendor/laravel/framework/src/Illuminate/Cookie/Middleware/AddQueuedCookiesToResponse.php(37): Illuminate\\Pipeline\\Pipeline->{closure:{closure:Illuminate\\Pipeline\\Pipeline::carry():158}:159}()
#42 /home/1216096.cloudwaysapps.com/fcmhbgzmxb/public_html/vendor/laravel/framework/src/Illuminate/Pipeline/Pipeline.php(183): Illuminate\\Cookie\\Middleware\\AddQueuedCookiesToResponse->handle()
#43 /home/1216096.cloudwaysapps.com/fcmhbgzmxb/public_html/vendor/laravel/framework/src/Illuminate/Pipeline/Pipeline.php(119): Illuminate\\Pipeline\\Pipeline->{closure:{closure:Illuminate\\Pipeline\\Pipeline::carry():158}:159}()
#44 /home/1216096.cloudwaysapps.com/fcmhbgzmxb/public_html/vendor/laravel/framework/src/Illuminate/Routing/Router.php(805): Illuminate\\Pipeline\\Pipeline->then()
#45 /home/1216096.cloudwaysapps.com/fcmhbgzmxb/public_html/vendor/laravel/framework/src/Illuminate/Routing/Router.php(784): Illuminate\\Routing\\Router->runRouteWithinStack()
#46 /home/1216096.cloudwaysapps.com/fcmhbgzmxb/public_html/vendor/laravel/framework/src/Illuminate/Routing/Router.php(748): Illuminate\\Routing\\Router->runRoute()
#47 /home/1216096.cloudwaysapps.com/fcmhbgzmxb/public_html/vendor/laravel/framework/src/Illuminate/Routing/Router.php(737): Illuminate\\Routing\\Router->dispatchToRoute()
#48 /home/1216096.cloudwaysapps.com/fcmhbgzmxb/public_html/vendor/laravel/framework/src/Illuminate/Foundation/Http/Kernel.php(200): Illuminate\\Routing\\Router->dispatch()
#49 /home/1216096.cloudwaysapps.com/fcmhbgzmxb/public_html/vendor/laravel/framework/src/Illuminate/Pipeline/Pipeline.php(144): Illuminate\\Foundation\\Http\\Kernel->{closure:Illuminate\\Foundation\\Http\\Kernel::dispatchToRouter():197}()
#50 /home/1216096.cloudwaysapps.com/fcmhbgzmxb/public_html/vendor/laravel/framework/src/Illuminate/View/Middleware/ShareErrorsFromSession.php(49): Illuminate\\Pipeline\\Pipeline->{closure:Illuminate\\Pipeline\\Pipeline::prepareDestination():142}()
#51 /home/1216096.cloudwaysapps.com/fcmhbgzmxb/public_html/vendor/laravel/framework/src/Illuminate/Pipeline/Pipeline.php(183): Illuminate\\View\\Middleware\\ShareErrorsFromSession->handle()
#52 /home/1216096.cloudwaysapps.com/fcmhbgzmxb/public_html/vendor/laravel/framework/src/Illuminate/Session/Middleware/StartSession.php(121): Illuminate\\Pipeline\\Pipeline->{closure:{closure:Illuminate\\Pipeline\\Pipeline::carry():158}:159}()
#53 /home/1216096.cloudwaysapps.com/fcmhbgzmxb/public_html/vendor/laravel/framework/src/Illuminate/Session/Middleware/StartSession.php(64): Illuminate\\Session\\Middleware\\StartSession->handleStatefulRequest()
#54 /home/1216096.cloudwaysapps.com/fcmhbgzmxb/public_html/vendor/laravel/framework/src/Illuminate/Pipeline/Pipeline.php(183): Illuminate\\Session\\Middleware\\StartSession->handle()
#55 /home/1216096.cloudwaysapps.com/fcmhbgzmxb/public_html/vendor/laravel/framework/src/Illuminate/Http/Middleware/TrustProxies.php(39): Illuminate\\Pipeline\\Pipeline->{closure:{closure:Illuminate\\Pipeline\\Pipeline::carry():158}:159}()
#56 /home/1216096.cloudwaysapps.com/fcmhbgzmxb/public_html/vendor/laravel/framework/src/Illuminate/Pipeline/Pipeline.php(183): Illuminate\\Http\\Middleware\\TrustProxies->handle()
#57 /home/1216096.cloudwaysapps.com/fcmhbgzmxb/public_html/vendor/laravel/framework/src/Illuminate/Foundation/Http/Middleware/TransformsRequest.php(21): Illuminate\\Pipeline\\Pipeline->{closure:{closure:Illuminate\\Pipeline\\Pipeline::carry():158}:159}()
#58 /home/1216096.cloudwaysapps.com/fcmhbgzmxb/public_html/vendor/laravel/framework/src/Illuminate/Foundation/Http/Middleware/ConvertEmptyStringsToNull.php(31): Illuminate\\Foundation\\Http\\Middleware\\TransformsRequest->handle()
#59 /home/1216096.cloudwaysapps.com/fcmhbgzmxb/public_html/vendor/laravel/framework/src/Illuminate/Pipeline/Pipeline.php(183): Illuminate\\Foundation\\Http\\Middleware\\ConvertEmptyStringsToNull->handle()
#60 /home/1216096.cloudwaysapps.com/fcmhbgzmxb/public_html/vendor/laravel/framework/src/Illuminate/Foundation/Http/Middleware/TransformsRequest.php(21): Illuminate\\Pipeline\\Pipeline->{closure:{closure:Illuminate\\Pipeline\\Pipeline::carry():158}:159}()
#61 /home/1216096.cloudwaysapps.com/fcmhbgzmxb/public_html/vendor/laravel/framework/src/Illuminate/Foundation/Http/Middleware/TrimStrings.php(40): Illuminate\\Foundation\\Http\\Middleware\\TransformsRequest->handle()
#62 /home/1216096.cloudwaysapps.com/fcmhbgzmxb/public_html/vendor/laravel/framework/src/Illuminate/Pipeline/Pipeline.php(183): Illuminate\\Foundation\\Http\\Middleware\\TrimStrings->handle()
#63 /home/1216096.cloudwaysapps.com/fcmhbgzmxb/public_html/vendor/laravel/framework/src/Illuminate/Foundation/Http/Middleware/ValidatePostSize.php(27): Illuminate\\Pipeline\\Pipeline->{closure:{closure:Illuminate\\Pipeline\\Pipeline::carry():158}:159}()
#64 /home/1216096.cloudwaysapps.com/fcmhbgzmxb/public_html/vendor/laravel/framework/src/Illuminate/Pipeline/Pipeline.php(183): Illuminate\\Foundation\\Http\\Middleware\\ValidatePostSize->handle()
#65 /home/1216096.cloudwaysapps.com/fcmhbgzmxb/public_html/vendor/laravel/framework/src/Illuminate/Pipeline/Pipeline.php(119): Illuminate\\Pipeline\\Pipeline->{closure:{closure:Illuminate\\Pipeline\\Pipeline::carry():158}:159}()
#66 /home/1216096.cloudwaysapps.com/fcmhbgzmxb/public_html/vendor/laravel/framework/src/Illuminate/Foundation/Http/Kernel.php(175): Illuminate\\Pipeline\\Pipeline->then()
#67 /home/1216096.cloudwaysapps.com/fcmhbgzmxb/public_html/vendor/laravel/framework/src/Illuminate/Foundation/Http/Kernel.php(144): Illuminate\\Foundation\\Http\\Kernel->sendRequestThroughRouter()
#68 /home/1216096.cloudwaysapps.com/fcmhbgzmxb/public_html/index.php(56): Illuminate\\Foundation\\Http\\Kernel->handle()
#69 {main}

[previous exception] [object] (PDOException(code: 23000): SQLSTATE[23000]: Integrity constraint violation: 1048 Column 'lang' cannot be null at /home/1216096.cloudwaysapps.com/fcmhbgzmxb/public_html/vendor/laravel/framework/src/Illuminate/Database/MySqlConnection.php:45)
[stacktrace]
#0 /home/1216096.cloudwaysapps.com/fcmhbgzmxb/public_html/vendor/laravel/framework/src/Illuminate/Database/MySqlConnection.php(45): PDOStatement->execute()
#1 /home/1216096.cloudwaysapps.com/fcmhbgzmxb/public_html/vendor/laravel/framework/src/Illuminate/Database/Connection.php(816): Illuminate\\Database\\MySqlConnection->{closure:Illuminate\\Database\\MySqlConnection::insert():34}()
#2 /home/1216096.cloudwaysapps.com/fcmhbgzmxb/public_html/vendor/laravel/framework/src/Illuminate/Database/Connection.php(783): Illuminate\\Database\\Connection->runQueryCallback()
#3 /home/1216096.cloudwaysapps.com/fcmhbgzmxb/public_html/vendor/laravel/framework/src/Illuminate/Database/MySqlConnection.php(34): Illuminate\\Database\\Connection->run()
#4 /home/1216096.cloudwaysapps.com/fcmhbgzmxb/public_html/vendor/laravel/framework/src/Illuminate/Database/Query/Processors/MySqlProcessor.php(35): Illuminate\\Database\\MySqlConnection->insert()
#5 /home/1216096.cloudwaysapps.com/fcmhbgzmxb/public_html/vendor/laravel/framework/src/Illuminate/Database/Query/Builder.php(3549): Illuminate\\Database\\Query\\Processors\\MySqlProcessor->processInsertGetId()
#6 /home/1216096.cloudwaysapps.com/fcmhbgzmxb/public_html/vendor/laravel/framework/src/Illuminate/Database/Eloquent/Builder.php(1982): Illuminate\\Database\\Query\\Builder->insertGetId()
#7 /home/1216096.cloudwaysapps.com/fcmhbgzmxb/public_html/vendor/laravel/framework/src/Illuminate/Database/Eloquent/Model.php(1334): Illuminate\\Database\\Eloquent\\Builder->__call()
#8 /home/1216096.cloudwaysapps.com/fcmhbgzmxb/public_html/vendor/laravel/framework/src/Illuminate/Database/Eloquent/Model.php(1299): Illuminate\\Database\\Eloquent\\Model->insertAndSetId()
#9 /home/1216096.cloudwaysapps.com/fcmhbgzmxb/public_html/vendor/laravel/framework/src/Illuminate/Database/Eloquent/Model.php(1138): Illuminate\\Database\\Eloquent\\Model->performInsert()
#10 /home/1216096.cloudwaysapps.com/fcmhbgzmxb/public_html/app/Traits/PreventDemoModeChanges.php(38): Illuminate\\Database\\Eloquent\\Model->save()
#11 /home/1216096.cloudwaysapps.com/fcmhbgzmxb/public_html/vendor/laravel/framework/src/Illuminate/Database/Eloquent/Builder.php(1025): App\\Models\\ProductTranslation->save()
#12 /home/1216096.cloudwaysapps.com/fcmhbgzmxb/public_html/vendor/laravel/framework/src/Illuminate/Support/helpers.php(307): Illuminate\\Database\\Eloquent\\Builder->{closure:Illuminate\\Database\\Eloquent\\Builder::create():1024}()
#13 /home/1216096.cloudwaysapps.com/fcmhbgzmxb/public_html/vendor/laravel/framework/src/Illuminate/Database/Eloquent/Builder.php(1024): tap()
#14 /home/1216096.cloudwaysapps.com/fcmhbgzmxb/public_html/vendor/laravel/framework/src/Illuminate/Database/Eloquent/Builder.php(585): Illuminate\\Database\\Eloquent\\Builder->create()
#15 /home/1216096.cloudwaysapps.com/fcmhbgzmxb/public_html/vendor/laravel/framework/src/Illuminate/Database/Eloquent/Builder.php(1728): Illuminate\\Database\\Eloquent\\Builder->{closure:Illuminate\\Database\\Eloquent\\Builder::createOrFirst():585}()
#16 /home/1216096.cloudwaysapps.com/fcmhbgzmxb/public_html/vendor/laravel/framework/src/Illuminate/Database/Eloquent/Builder.php(585): Illuminate\\Database\\Eloquent\\Builder->withSavepointIfNeeded()
#17 /home/1216096.cloudwaysapps.com/fcmhbgzmxb/public_html/vendor/laravel/framework/src/Illuminate/Database/Eloquent/Builder.php(572): Illuminate\\Database\\Eloquent\\Builder->createOrFirst()
#18 /home/1216096.cloudwaysapps.com/fcmhbgzmxb/public_html/vendor/laravel/framework/src/Illuminate/Database/Eloquent/Builder.php(600): Illuminate\\Database\\Eloquent\\Builder->firstOrCreate()
#19 /home/1216096.cloudwaysapps.com/fcmhbgzmxb/public_html/app/Traits/PreventDemoModeChanges.php(74): Illuminate\\Database\\Eloquent\\Builder->updateOrCreate()
#20 /home/1216096.cloudwaysapps.com/fcmhbgzmxb/public_html/app/Http/Controllers/ProductController.php(420): App\\Models\\ProductTranslation::updateOrCreate()
#21 /home/1216096.cloudwaysapps.com/fcmhbgzmxb/public_html/vendor/laravel/framework/src/Illuminate/Routing/Controller.php(54): App\\Http\\Controllers\\ProductController->update()
#22 /home/1216096.cloudwaysapps.com/fcmhbgzmxb/public_html/vendor/laravel/framework/src/Illuminate/Routing/ControllerDispatcher.php(43): Illuminate\\Routing\\Controller->callAction()
#23 /home/1216096.cloudwaysapps.com/fcmhbgzmxb/public_html/vendor/laravel/framework/src/Illuminate/Routing/Route.php(259): Illuminate\\Routing\\ControllerDispatcher->dispatch()
#24 /home/1216096.cloudwaysapps.com/fcmhbgzmxb/public_html/vendor/laravel/framework/src/Illuminate/Routing/Route.php(205): Illuminate\\Routing\\Route->runController()
#25 /home/1216096.cloudwaysapps.com/fcmhbgzmxb/public_html/vendor/laravel/framework/src/Illuminate/Routing/Router.php(806): Illuminate\\Routing\\Route->run()
#26 /home/1216096.cloudwaysapps.com/fcmhbgzmxb/public_html/vendor/laravel/framework/src/Illuminate/Pipeline/Pipeline.php(144): Illuminate\\Routing\\Router->{closure:Illuminate\\Routing\\Router::runRouteWithinStack():805}()
#27 /home/1216096.cloudwaysapps.com/fcmhbgzmxb/public_html/app/Http/Middleware/PreventBackHistory.php(25): Illuminate\\Pipeline\\Pipeline->{closure:Illuminate\\Pipeline\\Pipeline::prepareDestination():142}()
#28 /home/1216096.cloudwaysapps.com/fcmhbgzmxb/public_html/vendor/laravel/framework/src/Illuminate/Pipeline/Pipeline.php(183): App\\Http\\Middleware\\PreventBackHistory->handle()
#29 /home/1216096.cloudwaysapps.com/fcmhbgzmxb/public_html/app/Http/Middleware/IsAdmin.php(20): Illuminate\\Pipeline\\Pipeline->{closure:{closure:Illuminate\\Pipeline\\Pipeline::carry():158}:159}()
#30 /home/1216096.cloudwaysapps.com/fcmhbgzmxb/public_html/vendor/laravel/framework/src/Illuminate/Pipeline/Pipeline.php(183): App\\Http\\Middleware\\IsAdmin->handle()
#31 /home/1216096.cloudwaysapps.com/fcmhbgzmxb/public_html/app/Http/Middleware/CheckForMaintenanceMode.php(64): Illuminate\\Pipeline\\Pipeline->{closure:{closure:Illuminate\\Pipeline\\Pipeline::carry():158}:159}()
#32 /home/1216096.cloudwaysapps.com/fcmhbgzmxb/public_html/vendor/laravel/framework/src/Illuminate/Pipeline/Pipeline.php(183): App\\Http\\Middleware\\CheckForMaintenanceMode->handle()
#33 /home/1216096.cloudwaysapps.com/fcmhbgzmxb/public_html/app/Http/Middleware/HttpsProtocol.php(20): Illuminate\\Pipeline\\Pipeline->{closure:{closure:Illuminate\\Pipeline\\Pipeline::carry():158}:159}()
#34 /home/1216096.cloudwaysapps.com/fcmhbgzmxb/public_html/vendor/laravel/framework/src/Illuminate/Pipeline/Pipeline.php(183): App\\Http\\Middleware\\HttpsProtocol->handle()
#35 /home/1216096.cloudwaysapps.com/fcmhbgzmxb/public_html/app/Http/Middleware/Language.php(35): Illuminate\\Pipeline\\Pipeline->{closure:{closure:Illuminate\\Pipeline\\Pipeline::carry():158}:159}()
#36 /home/1216096.cloudwaysapps.com/fcmhbgzmxb/public_html/vendor/laravel/framework/src/Illuminate/Pipeline/Pipeline.php(183): App\\Http\\Middleware\\Language->handle()
#37 /home/1216096.cloudwaysapps.com/fcmhbgzmxb/public_html/vendor/laravel/framework/src/Illuminate/Routing/Middleware/SubstituteBindings.php(50): Illuminate\\Pipeline\\Pipeline->{closure:{closure:Illuminate\\Pipeline\\Pipeline::carry():158}:159}()
#38 /home/1216096.cloudwaysapps.com/fcmhbgzmxb/public_html/vendor/laravel/framework/src/Illuminate/Pipeline/Pipeline.php(183): Illuminate\\Routing\\Middleware\\SubstituteBindings->handle()
#39 /home/1216096.cloudwaysapps.com/fcmhbgzmxb/public_html/vendor/laravel/framework/src/Illuminate/Auth/Middleware/Authenticate.php(57): Illuminate\\Pipeline\\Pipeline->{closure:{closure:Illuminate\\Pipeline\\Pipeline::carry():158}:159}()
#40 /home/1216096.cloudwaysapps.com/fcmhbgzmxb/public_html/vendor/laravel/framework/src/Illuminate/Pipeline/Pipeline.php(183): Illuminate\\Auth\\Middleware\\Authenticate->handle()
#41 /home/1216096.cloudwaysapps.com/fcmhbgzmxb/public_html/vendor/laravel/framework/src/Illuminate/Foundation/Http/Middleware/VerifyCsrfToken.php(78): Illuminate\\Pipeline\\Pipeline->{closure:{closure:Illuminate\\Pipeline\\Pipeline::carry():158}:159}()
#42 /home/1216096.cloudwaysapps.com/fcmhbgzmxb/public_html/vendor/laravel/framework/src/Illuminate/Pipeline/Pipeline.php(183): Illuminate\\Foundation\\Http\\Middleware\\VerifyCsrfToken->handle()
#43 /home/1216096.cloudwaysapps.com/fcmhbgzmxb/public_html/vendor/laravel/framework/src/Illuminate/Cookie/Middleware/AddQueuedCookiesToResponse.php(37): Illuminate\\Pipeline\\Pipeline->{closure:{closure:Illuminate\\Pipeline\\Pipeline::carry():158}:159}()
#44 /home/1216096.cloudwaysapps.com/fcmhbgzmxb/public_html/vendor/laravel/framework/src/Illuminate/Pipeline/Pipeline.php(183): Illuminate\\Cookie\\Middleware\\AddQueuedCookiesToResponse->handle()
#45 /home/1216096.cloudwaysapps.com/fcmhbgzmxb/public_html/vendor/laravel/framework/src/Illuminate/Pipeline/Pipeline.php(119): Illuminate\\Pipeline\\Pipeline->{closure:{closure:Illuminate\\Pipeline\\Pipeline::carry():158}:159}()
#46 /home/1216096.cloudwaysapps.com/fcmhbgzmxb/public_html/vendor/laravel/framework/src/Illuminate/Routing/Router.php(805): Illuminate\\Pipeline\\Pipeline->then()
#47 /home/1216096.cloudwaysapps.com/fcmhbgzmxb/public_html/vendor/laravel/framework/src/Illuminate/Routing/Router.php(784): Illuminate\\Routing\\Router->runRouteWithinStack()
#48 /home/1216096.cloudwaysapps.com/fcmhbgzmxb/public_html/vendor/laravel/framework/src/Illuminate/Routing/Router.php(748): Illuminate\\Routing\\Router->runRoute()
#49 /home/1216096.cloudwaysapps.com/fcmhbgzmxb/public_html/vendor/laravel/framework/src/Illuminate/Routing/Router.php(737): Illuminate\\Routing\\Router->dispatchToRoute()
#50 /home/1216096.cloudwaysapps.com/fcmhbgzmxb/public_html/vendor/laravel/framework/src/Illuminate/Foundation/Http/Kernel.php(200): Illuminate\\Routing\\Router->dispatch()
#51 /home/1216096.cloudwaysapps.com/fcmhbgzmxb/public_html/vendor/laravel/framework/src/Illuminate/Pipeline/Pipeline.php(144): Illuminate\\Foundation\\Http\\Kernel->{closure:Illuminate\\Foundation\\Http\\Kernel::dispatchToRouter():197}()
#52 /home/1216096.cloudwaysapps.com/fcmhbgzmxb/public_html/vendor/laravel/framework/src/Illuminate/View/Middleware/ShareErrorsFromSession.php(49): Illuminate\\Pipeline\\Pipeline->{closure:Illuminate\\Pipeline\\Pipeline::prepareDestination():142}()
#53 /home/1216096.cloudwaysapps.com/fcmhbgzmxb/public_html/vendor/laravel/framework/src/Illuminate/Pipeline/Pipeline.php(183): Illuminate\\View\\Middleware\\ShareErrorsFromSession->handle()
#54 /home/1216096.cloudwaysapps.com/fcmhbgzmxb/public_html/vendor/laravel/framework/src/Illuminate/Session/Middleware/StartSession.php(121): Illuminate\\Pipeline\\Pipeline->{closure:{closure:Illuminate\\Pipeline\\Pipeline::carry():158}:159}()
#55 /home/1216096.cloudwaysapps.com/fcmhbgzmxb/public_html/vendor/laravel/framework/src/Illuminate/Session/Middleware/StartSession.php(64): Illuminate\\Session\\Middleware\\StartSession->handleStatefulRequest()
#56 /home/1216096.cloudwaysapps.com/fcmhbgzmxb/public_html/vendor/laravel/framework/src/Illuminate/Pipeline/Pipeline.php(183): Illuminate\\Session\\Middleware\\StartSession->handle()
#57 /home/1216096.cloudwaysapps.com/fcmhbgzmxb/public_html/vendor/laravel/framework/src/Illuminate/Http/Middleware/TrustProxies.php(39): Illuminate\\Pipeline\\Pipeline->{closure:{closure:Illuminate\\Pipeline\\Pipeline::carry():158}:159}()
#58 /home/1216096.cloudwaysapps.com/fcmhbgzmxb/public_html/vendor/laravel/framework/src/Illuminate/Pipeline/Pipeline.php(183): Illuminate\\Http\\Middleware\\TrustProxies->handle()
#59 /home/1216096.cloudwaysapps.com/fcmhbgzmxb/public_html/vendor/laravel/framework/src/Illuminate/Foundation/Http/Middleware/TransformsRequest.php(21): Illuminate\\Pipeline\\Pipeline->{closure:{closure:Illuminate\\Pipeline\\Pipeline::carry():158}:159}()
#60 /home/1216096.cloudwaysapps.com/fcmhbgzmxb/public_html/vendor/laravel/framework/src/Illuminate/Foundation/Http/Middleware/ConvertEmptyStringsToNull.php(31): Illuminate\\Foundation\\Http\\Middleware\\TransformsRequest->handle()
#61 /home/1216096.cloudwaysapps.com/fcmhbgzmxb/public_html/vendor/laravel/framework/src/Illuminate/Pipeline/Pipeline.php(183): Illuminate\\Foundation\\Http\\Middleware\\ConvertEmptyStringsToNull->handle()
#62 /home/1216096.cloudwaysapps.com/fcmhbgzmxb/public_html/vendor/laravel/framework/src/Illuminate/Foundation/Http/Middleware/TransformsRequest.php(21): Illuminate\\Pipeline\\Pipeline->{closure:{closure:Illuminate\\Pipeline\\Pipeline::carry():158}:159}()
#63 /home/1216096.cloudwaysapps.com/fcmhbgzmxb/public_html/vendor/laravel/framework/src/Illuminate/Foundation/Http/Middleware/TrimStrings.php(40): Illuminate\\Foundation\\Http\\Middleware\\TransformsRequest->handle()
#64 /home/1216096.cloudwaysapps.com/fcmhbgzmxb/public_html/vendor/laravel/framework/src/Illuminate/Pipeline/Pipeline.php(183): Illuminate\\Foundation\\Http\\Middleware\\TrimStrings->handle()
#65 /home/1216096.cloudwaysapps.com/fcmhbgzmxb/public_html/vendor/laravel/framework/src/Illuminate/Foundation/Http/Middleware/ValidatePostSize.php(27): Illuminate\\Pipeline\\Pipeline->{closure:{closure:Illuminate\\Pipeline\\Pipeline::carry():158}:159}()
#66 /home/1216096.cloudwaysapps.com/fcmhbgzmxb/public_html/vendor/laravel/framework/src/Illuminate/Pipeline/Pipeline.php(183): Illuminate\\Foundation\\Http\\Middleware\\ValidatePostSize->handle()
#67 /home/1216096.cloudwaysapps.com/fcmhbgzmxb/public_html/vendor/laravel/framework/src/Illuminate/Pipeline/Pipeline.php(119): Illuminate\\Pipeline\\Pipeline->{closure:{closure:Illuminate\\Pipeline\\Pipeline::carry():158}:159}()
#68 /home/1216096.cloudwaysapps.com/fcmhbgzmxb/public_html/vendor/laravel/framework/src/Illuminate/Foundation/Http/Kernel.php(175): Illuminate\\Pipeline\\Pipeline->then()
#69 /home/1216096.cloudwaysapps.com/fcmhbgzmxb/public_html/vendor/laravel/framework/src/Illuminate/Foundation/Http/Kernel.php(144): Illuminate\\Foundation\\Http\\Kernel->sendRequestThroughRouter()
#70 /home/1216096.cloudwaysapps.com/fcmhbgzmxb/public_html/index.php(56): Illuminate\\Foundation\\Http\\Kernel->handle()
#71 {main}
"} 
[2026-08-12 06:51:46] production.ERROR: SQLSTATE[23000]: Integrity constraint violation: 1048 Column 'lang' cannot be null (Connection: mysql, SQL: insert into `product_translations` (`lang`, `product_id`, `name`, `unit`, `description`, `updated_at`, `created_at`) values (?, 1, 8-skewer chicken grill, pc, <p>With lower cabinet</p><p>With 6 1/6" deep 20 cm plates with cover</p><p>Electricly operated</p><p>Spanish heater</p><p>Italian thermostat</p><p>On heavy-duty legs</p><p>Model (A1)</p><p>Made in Saudi Arabia</p><p>Size: 40 x 75 x 90 + 10 cm height</p>, 2026-08-12 06:51:46, 2026-08-12 06:51:46)) {"userId":9,"exception":"[object] (Illuminate\\Database\\QueryException(code: 23000): SQLSTATE[23000]: Integrity constraint violation: 1048 Column 'lang' cannot be null (Connection: mysql, SQL: insert into `product_translations` (`lang`, `product_id`, `name`, `unit`, `description`, `updated_at`, `created_at`) values (?, 1, 8-skewer chicken grill, pc, <p>With lower cabinet</p><p>With 6 1/6\" deep 20 cm plates with cover</p><p>Electricly operated</p><p>Spanish heater</p><p>Italian thermostat</p><p>On heavy-duty legs</p><p>Model (A1)</p><p>Made in Saudi Arabia</p><p>Size: 40 x 75 x 90 + 10 cm height</p>, 2026-08-12 06:51:46, 2026-08-12 06:51:46)) at /home/1216096.cloudwaysapps.com/fcmhbgzmxb/public_html/vendor/laravel/framework/src/Illuminate/Database/Connection.php:829)
[stacktrace]
#0 /home/1216096.cloudwaysapps.com/fcmhbgzmxb/public_html/vendor/laravel/framework/src/Illuminate/Database/Connection.php(783): Illuminate\\Database\\Connection->runQueryCallback()
#1 /home/1216096.cloudwaysapps.com/fcmhbgzmxb/public_html/vendor/laravel/framework/src/Illuminate/Database/MySqlConnection.php(34): Illuminate\\Database\\Connection->run()
#2 /home/1216096.cloudwaysapps.com/fcmhbgzmxb/public_html/vendor/laravel/framework/src/Illuminate/Database/Query/Processors/MySqlProcessor.php(35): Illuminate\\Database\\MySqlConnection->insert()
#3 /home/1216096.cloudwaysapps.com/fcmhbgzmxb/public_html/vendor/laravel/framework/src/Illuminate/Database/Query/Builder.php(3549): Illuminate\\Database\\Query\\Processors\\MySqlProcessor->processInsertGetId()
#4 /home/1216096.cloudwaysapps.com/fcmhbgzmxb/public_html/vendor/laravel/framework/src/Illuminate/Database/Eloquent/Builder.php(1982): Illuminate\\Database\\Query\\Builder->insertGetId()
#5 /home/1216096.cloudwaysapps.com/fcmhbgzmxb/public_html/vendor/laravel/framework/src/Illuminate/Database/Eloquent/Model.php(1334): Illuminate\\Database\\Eloquent\\Builder->__call()
#6 /home/1216096.cloudwaysapps.com/fcmhbgzmxb/public_html/vendor/laravel/framework/src/Illuminate/Database/Eloquent/Model.php(1299): Illuminate\\Database\\Eloquent\\Model->insertAndSetId()
#7 /home/1216096.cloudwaysapps.com/fcmhbgzmxb/public_html/vendor/laravel/framework/src/Illuminate/Database/Eloquent/Model.php(1138): Illuminate\\Database\\Eloquent\\Model->performInsert()
#8 /home/1216096.cloudwaysapps.com/fcmhbgzmxb/public_html/app/Traits/PreventDemoModeChanges.php(38): Illuminate\\Database\\Eloquent\\Model->save()
#9 /home/1216096.cloudwaysapps.com/fcmhbgzmxb/public_html/vendor/laravel/framework/src/Illuminate/Database/Eloquent/Builder.php(1025): App\\Models\\ProductTranslation->save()
#10 /home/1216096.cloudwaysapps.com/fcmhbgzmxb/public_html/vendor/laravel/framework/src/Illuminate/Support/helpers.php(307): Illuminate\\Database\\Eloquent\\Builder->{closure:Illuminate\\Database\\Eloquent\\Builder::create():1024}()
#11 /home/1216096.cloudwaysapps.com/fcmhbgzmxb/public_html/vendor/laravel/framework/src/Illuminate/Database/Eloquent/Builder.php(1024): tap()
#12 /home/1216096.cloudwaysapps.com/fcmhbgzmxb/public_html/vendor/laravel/framework/src/Illuminate/Database/Eloquent/Builder.php(585): Illuminate\\Database\\Eloquent\\Builder->create()
#13 /home/1216096.cloudwaysapps.com/fcmhbgzmxb/public_html/vendor/laravel/framework/src/Illuminate/Database/Eloquent/Builder.php(1728): Illuminate\\Database\\Eloquent\\Builder->{closure:Illuminate\\Database\\Eloquent\\Builder::createOrFirst():585}()
#14 /home/1216096.cloudwaysapps.com/fcmhbgzmxb/public_html/vendor/laravel/framework/src/Illuminate/Database/Eloquent/Builder.php(585): Illuminate\\Database\\Eloquent\\Builder->withSavepointIfNeeded()
#15 /home/1216096.cloudwaysapps.com/fcmhbgzmxb/public_html/vendor/laravel/framework/src/Illuminate/Database/Eloquent/Builder.php(572): Illuminate\\Database\\Eloquent\\Builder->createOrFirst()
#16 /home/1216096.cloudwaysapps.com/fcmhbgzmxb/public_html/vendor/laravel/framework/src/Illuminate/Database/Eloquent/Builder.php(600): Illuminate\\Database\\Eloquent\\Builder->firstOrCreate()
#17 /home/1216096.cloudwaysapps.com/fcmhbgzmxb/public_html/app/Traits/PreventDemoModeChanges.php(74): Illuminate\\Database\\Eloquent\\Builder->updateOrCreate()
#18 /home/1216096.cloudwaysapps.com/fcmhbgzmxb/public_html/app/Http/Controllers/ProductController.php(420): App\\Models\\ProductTranslation::updateOrCreate()
#19 /home/1216096.cloudwaysapps.com/fcmhbgzmxb/public_html/vendor/laravel/framework/src/Illuminate/Routing/Controller.php(54): App\\Http\\Controllers\\ProductController->update()
#20 /home/1216096.cloudwaysapps.com/fcmhbgzmxb/public_html/vendor/laravel/framework/src/Illuminate/Routing/ControllerDispatcher.php(43): Illuminate\\Routing\\Controller->callAction()
#21 /home/1216096.cloudwaysapps.com/fcmhbgzmxb/public_html/vendor/laravel/framework/src/Illuminate/Routing/Route.php(259): Illuminate\\Routing\\ControllerDispatcher->dispatch()
#22 /home/1216096.cloudwaysapps.com/fcmhbgzmxb/public_html/vendor/laravel/framework/src/Illuminate/Routing/Route.php(205): Illuminate\\Routing\\Route->runController()
#23 /home/1216096.cloudwaysapps.com/fcmhbgzmxb/public_html/vendor/laravel/framework/src/Illuminate/Routing/Router.php(806): Illuminate\\Routing\\Route->run()
#24 /home/1216096.cloudwaysapps.com/fcmhbgzmxb/public_html/vendor/laravel/framework/src/Illuminate/Pipeline/Pipeline.php(144): Illuminate\\Routing\\Router->{closure:Illuminate\\Routing\\Router::runRouteWithinStack():805}()
#25 /home/1216096.cloudwaysapps.com/fcmhbgzmxb/public_html/app/Http/Middleware/PreventBackHistory.php(25): Illuminate\\Pipeline\\Pipeline->{closure:Illuminate\\Pipeline\\Pipeline::prepareDestination():142}()
#26 /home/1216096.cloudwaysapps.com/fcmhbgzmxb/public_html/vendor/laravel/framework/src/Illuminate/Pipeline/Pipeline.php(183): App\\Http\\Middleware\\PreventBackHistory->handle()
#27 /home/1216096.cloudwaysapps.com/fcmhbgzmxb/public_html/app/Http/Middleware/IsAdmin.php(20): Illuminate\\Pipeline\\Pipeline->{closure:{closure:Illuminate\\Pipeline\\Pipeline::carry():158}:159}()
#28 /home/1216096.cloudwaysapps.com/fcmhbgzmxb/public_html/vendor/laravel/framework/src/Illuminate/Pipeline/Pipeline.php(183): App\\Http\\Middleware\\IsAdmin->handle()
#29 /home/1216096.cloudwaysapps.com/fcmhbgzmxb/public_html/app/Http/Middleware/CheckForMaintenanceMode.php(64): Illuminate\\Pipeline\\Pipeline->{closure:{closure:Illuminate\\Pipeline\\Pipeline::carry():158}:159}()
#30 /home/1216096.cloudwaysapps.com/fcmhbgzmxb/public_html/vendor/laravel/framework/src/Illuminate/Pipeline/Pipeline.php(183): App\\Http\\Middleware\\CheckForMaintenanceMode->handle()
#31 /home/1216096.cloudwaysapps.com/fcmhbgzmxb/public_html/app/Http/Middleware/HttpsProtocol.php(20): Illuminate\\Pipeline\\Pipeline->{closure:{closure:Illuminate\\Pipeline\\Pipeline::carry():158}:159}()
#32 /home/1216096.cloudwaysapps.com/fcmhbgzmxb/public_html/vendor/laravel/framework/src/Illuminate/Pipeline/Pipeline.php(183): App\\Http\\Middleware\\HttpsProtocol->handle()
#33 /home/1216096.cloudwaysapps.com/fcmhbgzmxb/public_html/app/Http/Middleware/Language.php(35): Illuminate\\Pipeline\\Pipeline->{closure:{closure:Illuminate\\Pipeline\\Pipeline::carry():158}:159}()
#34 /home/1216096.cloudwaysapps.com/fcmhbgzmxb/public_html/vendor/laravel/framework/src/Illuminate/Pipeline/Pipeline.php(183): App\\Http\\Middleware\\Language->handle()
#35 /home/1216096.cloudwaysapps.com/fcmhbgzmxb/public_html/vendor/laravel/framework/src/Illuminate/Routing/Middleware/SubstituteBindings.php(50): Illuminate\\Pipeline\\Pipeline->{closure:{closure:Illuminate\\Pipeline\\Pipeline::carry():158}:159}()
#36 /home/1216096.cloudwaysapps.com/fcmhbgzmxb/public_html/vendor/laravel/framework/src/Illuminate/Pipeline/Pipeline.php(183): Illuminate\\Routing\\Middleware\\SubstituteBindings->handle()
#37 /home/1216096.cloudwaysapps.com/fcmhbgzmxb/public_html/vendor/laravel/framework/src/Illuminate/Auth/Middleware/Authenticate.php(57): Illuminate\\Pipeline\\Pipeline->{closure:{closure:Illuminate\\Pipeline\\Pipeline::carry():158}:159}()
#38 /home/1216096.cloudwaysapps.com/fcmhbgzmxb/public_html/vendor/laravel/framework/src/Illuminate/Pipeline/Pipeline.php(183): Illuminate\\Auth\\Middleware\\Authenticate->handle()
#39 /home/1216096.cloudwaysapps.com/fcmhbgzmxb/public_html/vendor/laravel/framework/src/Illuminate/Foundation/Http/Middleware/VerifyCsrfToken.php(78): Illuminate\\Pipeline\\Pipeline->{closure:{closure:Illuminate\\Pipeline\\Pipeline::carry():158}:159}()
#40 /home/1216096.cloudwaysapps.com/fcmhbgzmxb/public_html/vendor/laravel/framework/src/Illuminate/Pipeline/Pipeline.php(183): Illuminate\\Foundation\\Http\\Middleware\\VerifyCsrfToken->handle()
#41 /home/1216096.cloudwaysapps.com/fcmhbgzmxb/public_html/vendor/laravel/framework/src/Illuminate/Cookie/Middleware/AddQueuedCookiesToResponse.php(37): Illuminate\\Pipeline\\Pipeline->{closure:{closure:Illuminate\\Pipeline\\Pipeline::carry():158}:159}()
#42 /home/1216096.cloudwaysapps.com/fcmhbgzmxb/public_html/vendor/laravel/framework/src/Illuminate/Pipeline/Pipeline.php(183): Illuminate\\Cookie\\Middleware\\AddQueuedCookiesToResponse->handle()
#43 /home/1216096.cloudwaysapps.com/fcmhbgzmxb/public_html/vendor/laravel/framework/src/Illuminate/Pipeline/Pipeline.php(119): Illuminate\\Pipeline\\Pipeline->{closure:{closure:Illuminate\\Pipeline\\Pipeline::carry():158}:159}()
#44 /home/1216096.cloudwaysapps.com/fcmhbgzmxb/public_html/vendor/laravel/framework/src/Illuminate/Routing/Router.php(805): Illuminate\\Pipeline\\Pipeline->then()
#45 /home/1216096.cloudwaysapps.com/fcmhbgzmxb/public_html/vendor/laravel/framework/src/Illuminate/Routing/Router.php(784): Illuminate\\Routing\\Router->runRouteWithinStack()
#46 /home/1216096.cloudwaysapps.com/fcmhbgzmxb/public_html/vendor/laravel/framework/src/Illuminate/Routing/Router.php(748): Illuminate\\Routing\\Router->runRoute()
#47 /home/1216096.cloudwaysapps.com/fcmhbgzmxb/public_html/vendor/laravel/framework/src/Illuminate/Routing/Router.php(737): Illuminate\\Routing\\Router->dispatchToRoute()
#48 /home/1216096.cloudwaysapps.com/fcmhbgzmxb/public_html/vendor/laravel/framework/src/Illuminate/Foundation/Http/Kernel.php(200): Illuminate\\Routing\\Router->dispatch()
#49 /home/1216096.cloudwaysapps.com/fcmhbgzmxb/public_html/vendor/laravel/framework/src/Illuminate/Pipeline/Pipeline.php(144): Illuminate\\Foundation\\Http\\Kernel->{closure:Illuminate\\Foundation\\Http\\Kernel::dispatchToRouter():197}()
#50 /home/1216096.cloudwaysapps.com/fcmhbgzmxb/public_html/vendor/laravel/framework/src/Illuminate/View/Middleware/ShareErrorsFromSession.php(49): Illuminate\\Pipeline\\Pipeline->{closure:Illuminate\\Pipeline\\Pipeline::prepareDestination():142}()
#51 /home/1216096.cloudwaysapps.com/fcmhbgzmxb/public_html/vendor/laravel/framework/src/Illuminate/Pipeline/Pipeline.php(183): Illuminate\\View\\Middleware\\ShareErrorsFromSession->handle()
#52 /home/1216096.cloudwaysapps.com/fcmhbgzmxb/public_html/vendor/laravel/framework/src/Illuminate/Session/Middleware/StartSession.php(121): Illuminate\\Pipeline\\Pipeline->{closure:{closure:Illuminate\\Pipeline\\Pipeline::carry():158}:159}()
#53 /home/1216096.cloudwaysapps.com/fcmhbgzmxb/public_html/vendor/laravel/framework/src/Illuminate/Session/Middleware/StartSession.php(64): Illuminate\\Session\\Middleware\\StartSession->handleStatefulRequest()
#54 /home/1216096.cloudwaysapps.com/fcmhbgzmxb/public_html/vendor/laravel/framework/src/Illuminate/Pipeline/Pipeline.php(183): Illuminate\\Session\\Middleware\\StartSession->handle()
#55 /home/1216096.cloudwaysapps.com/fcmhbgzmxb/public_html/vendor/laravel/framework/src/Illuminate/Http/Middleware/TrustProxies.php(39): Illuminate\\Pipeline\\Pipeline->{closure:{closure:Illuminate\\Pipeline\\Pipeline::carry():158}:159}()
#56 /home/1216096.cloudwaysapps.com/fcmhbgzmxb/public_html/vendor/laravel/framework/src/Illuminate/Pipeline/Pipeline.php(183): Illuminate\\Http\\Middleware\\TrustProxies->handle()
#57 /home/1216096.cloudwaysapps.com/fcmhbgzmxb/public_html/vendor/laravel/framework/src/Illuminate/Foundation/Http/Middleware/TransformsRequest.php(21): Illuminate\\Pipeline\\Pipeline->{closure:{closure:Illuminate\\Pipeline\\Pipeline::carry():158}:159}()
#58 /home/1216096.cloudwaysapps.com/fcmhbgzmxb/public_html/vendor/laravel/framework/src/Illuminate/Foundation/Http/Middleware/ConvertEmptyStringsToNull.php(31): Illuminate\\Foundation\\Http\\Middleware\\TransformsRequest->handle()
#59 /home/1216096.cloudwaysapps.com/fcmhbgzmxb/public_html/vendor/laravel/framework/src/Illuminate/Pipeline/Pipeline.php(183): Illuminate\\Foundation\\Http\\Middleware\\ConvertEmptyStringsToNull->handle()
#60 /home/1216096.cloudwaysapps.com/fcmhbgzmxb/public_html/vendor/laravel/framework/src/Illuminate/Foundation/Http/Middleware/TransformsRequest.php(21): Illuminate\\Pipeline\\Pipeline->{closure:{closure:Illuminate\\Pipeline\\Pipeline::carry():158}:159}()
#61 /home/1216096.cloudwaysapps.com/fcmhbgzmxb/public_html/vendor/laravel/framework/src/Illuminate/Foundation/Http/Middleware/TrimStrings.php(40): Illuminate\\Foundation\\Http\\Middleware\\TransformsRequest->handle()
#62 /home/1216096.cloudwaysapps.com/fcmhbgzmxb/public_html/vendor/laravel/framework/src/Illuminate/Pipeline/Pipeline.php(183): Illuminate\\Foundation\\Http\\Middleware\\TrimStrings->handle()
#63 /home/1216096.cloudwaysapps.com/fcmhbgzmxb/public_html/vendor/laravel/framework/src/Illuminate/Foundation/Http/Middleware/ValidatePostSize.php(27): Illuminate\\Pipeline\\Pipeline->{closure:{closure:Illuminate\\Pipeline\\Pipeline::carry():158}:159}()
#64 /home/1216096.cloudwaysapps.com/fcmhbgzmxb/public_html/vendor/laravel/framework/src/Illuminate/Pipeline/Pipeline.php(183): Illuminate\\Foundation\\Http\\Middleware\\ValidatePostSize->handle()
#65 /home/1216096.cloudwaysapps.com/fcmhbgzmxb/public_html/vendor/laravel/framework/src/Illuminate/Pipeline/Pipeline.php(119): Illuminate\\Pipeline\\Pipeline->{closure:{closure:Illuminate\\Pipeline\\Pipeline::carry():158}:159}()
#66 /home/1216096.cloudwaysapps.com/fcmhbgzmxb/public_html/vendor/laravel/framework/src/Illuminate/Foundation/Http/Kernel.php(175): Illuminate\\Pipeline\\Pipeline->then()
#67 /home/1216096.cloudwaysapps.com/fcmhbgzmxb/public_html/vendor/laravel/framework/src/Illuminate/Foundation/Http/Kernel.php(144): Illuminate\\Foundation\\Http\\Kernel->sendRequestThroughRouter()
#68 /home/1216096.cloudwaysapps.com/fcmhbgzmxb/public_html/index.php(56): Illuminate\\Foundation\\Http\\Kernel->handle()
#69 {main}

[previous exception] [object] (PDOException(code: 23000): SQLSTATE[23000]: Integrity constraint violation: 1048 Column 'lang' cannot be null at /home/1216096.cloudwaysapps.com/fcmhbgzmxb/public_html/vendor/laravel/framework/src/Illuminate/Database/MySqlConnection.php:45)
[stacktrace]
#0 /home/1216096.cloudwaysapps.com/fcmhbgzmxb/public_html/vendor/laravel/framework/src/Illuminate/Database/MySqlConnection.php(45): PDOStatement->execute()
#1 /home/1216096.cloudwaysapps.com/fcmhbgzmxb/public_html/vendor/laravel/framework/src/Illuminate/Database/Connection.php(816): Illuminate\\Database\\MySqlConnection->{closure:Illuminate\\Database\\MySqlConnection::insert():34}()
#2 /home/1216096.cloudwaysapps.com/fcmhbgzmxb/public_html/vendor/laravel/framework/src/Illuminate/Database/Connection.php(783): Illuminate\\Database\\Connection->runQueryCallback()
#3 /home/1216096.cloudwaysapps.com/fcmhbgzmxb/public_html/vendor/laravel/framework/src/Illuminate/Database/MySqlConnection.php(34): Illuminate\\Database\\Connection->run()
#4 /home/1216096.cloudwaysapps.com/fcmhbgzmxb/public_html/vendor/laravel/framework/src/Illuminate/Database/Query/Processors/MySqlProcessor.php(35): Illuminate\\Database\\MySqlConnection->insert()
#5 /home/1216096.cloudwaysapps.com/fcmhbgzmxb/public_html/vendor/laravel/framework/src/Illuminate/Database/Query/Builder.php(3549): Illuminate\\Database\\Query\\Processors\\MySqlProcessor->processInsertGetId()
#6 /home/1216096.cloudwaysapps.com/fcmhbgzmxb/public_html/vendor/laravel/framework/src/Illuminate/Database/Eloquent/Builder.php(1982): Illuminate\\Database\\Query\\Builder->insertGetId()
#7 /home/1216096.cloudwaysapps.com/fcmhbgzmxb/public_html/vendor/laravel/framework/src/Illuminate/Database/Eloquent/Model.php(1334): Illuminate\\Database\\Eloquent\\Builder->__call()
#8 /home/1216096.cloudwaysapps.com/fcmhbgzmxb/public_html/vendor/laravel/framework/src/Illuminate/Database/Eloquent/Model.php(1299): Illuminate\\Database\\Eloquent\\Model->insertAndSetId()
#9 /home/1216096.cloudwaysapps.com/fcmhbgzmxb/public_html/vendor/laravel/framework/src/Illuminate/Database/Eloquent/Model.php(1138): Illuminate\\Database\\Eloquent\\Model->performInsert()
#10 /home/1216096.cloudwaysapps.com/fcmhbgzmxb/public_html/app/Traits/PreventDemoModeChanges.php(38): Illuminate\\Database\\Eloquent\\Model->save()
#11 /home/1216096.cloudwaysapps.com/fcmhbgzmxb/public_html/vendor/laravel/framework/src/Illuminate/Database/Eloquent/Builder.php(1025): App\\Models\\ProductTranslation->save()
#12 /home/1216096.cloudwaysapps.com/fcmhbgzmxb/public_html/vendor/laravel/framework/src/Illuminate/Support/helpers.php(307): Illuminate\\Database\\Eloquent\\Builder->{closure:Illuminate\\Database\\Eloquent\\Builder::create():1024}()
#13 /home/1216096.cloudwaysapps.com/fcmhbgzmxb/public_html/vendor/laravel/framework/src/Illuminate/Database/Eloquent/Builder.php(1024): tap()
#14 /home/1216096.cloudwaysapps.com/fcmhbgzmxb/public_html/vendor/laravel/framework/src/Illuminate/Database/Eloquent/Builder.php(585): Illuminate\\Database\\Eloquent\\Builder->create()
#15 /home/1216096.cloudwaysapps.com/fcmhbgzmxb/public_html/vendor/laravel/framework/src/Illuminate/Database/Eloquent/Builder.php(1728): Illuminate\\Database\\Eloquent\\Builder->{closure:Illuminate\\Database\\Eloquent\\Builder::createOrFirst():585}()
#16 /home/1216096.cloudwaysapps.com/fcmhbgzmxb/public_html/vendor/laravel/framework/src/Illuminate/Database/Eloquent/Builder.php(585): Illuminate\\Database\\Eloquent\\Builder->withSavepointIfNeeded()
#17 /home/1216096.cloudwaysapps.com/fcmhbgzmxb/public_html/vendor/laravel/framework/src/Illuminate/Database/Eloquent/Builder.php(572): Illuminate\\Database\\Eloquent\\Builder->createOrFirst()
#18 /home/1216096.cloudwaysapps.com/fcmhbgzmxb/public_html/vendor/laravel/framework/src/Illuminate/Database/Eloquent/Builder.php(600): Illuminate\\Database\\Eloquent\\Builder->firstOrCreate()
#19 /home/1216096.cloudwaysapps.com/fcmhbgzmxb/public_html/app/Traits/PreventDemoModeChanges.php(74): Illuminate\\Database\\Eloquent\\Builder->updateOrCreate()
#20 /home/1216096.cloudwaysapps.com/fcmhbgzmxb/public_html/app/Http/Controllers/ProductController.php(420): App\\Models\\ProductTranslation::updateOrCreate()
#21 /home/1216096.cloudwaysapps.com/fcmhbgzmxb/public_html/vendor/laravel/framework/src/Illuminate/Routing/Controller.php(54): App\\Http\\Controllers\\ProductController->update()
#22 /home/1216096.cloudwaysapps.com/fcmhbgzmxb/public_html/vendor/laravel/framework/src/Illuminate/Routing/ControllerDispatcher.php(43): Illuminate\\Routing\\Controller->callAction()
#23 /home/1216096.cloudwaysapps.com/fcmhbgzmxb/public_html/vendor/laravel/framework/src/Illuminate/Routing/Route.php(259): Illuminate\\Routing\\ControllerDispatcher->dispatch()
#24 /home/1216096.cloudwaysapps.com/fcmhbgzmxb/public_html/vendor/laravel/framework/src/Illuminate/Routing/Route.php(205): Illuminate\\Routing\\Route->runController()
#25 /home/1216096.cloudwaysapps.com/fcmhbgzmxb/public_html/vendor/laravel/framework/src/Illuminate/Routing/Router.php(806): Illuminate\\Routing\\Route->run()
#26 /home/1216096.cloudwaysapps.com/fcmhbgzmxb/public_html/vendor/laravel/framework/src/Illuminate/Pipeline/Pipeline.php(144): Illuminate\\Routing\\Router->{closure:Illuminate\\Routing\\Router::runRouteWithinStack():805}()
#27 /home/1216096.cloudwaysapps.com/fcmhbgzmxb/public_html/app/Http/Middleware/PreventBackHistory.php(25): Illuminate\\Pipeline\\Pipeline->{closure:Illuminate\\Pipeline\\Pipeline::prepareDestination():142}()
#28 /home/1216096.cloudwaysapps.com/fcmhbgzmxb/public_html/vendor/laravel/framework/src/Illuminate/Pipeline/Pipeline.php(183): App\\Http\\Middleware\\PreventBackHistory->handle()
#29 /home/1216096.cloudwaysapps.com/fcmhbgzmxb/public_html/app/Http/Middleware/IsAdmin.php(20): Illuminate\\Pipeline\\Pipeline->{closure:{closure:Illuminate\\Pipeline\\Pipeline::carry():158}:159}()
#30 /home/1216096.cloudwaysapps.com/fcmhbgzmxb/public_html/vendor/laravel/framework/src/Illuminate/Pipeline/Pipeline.php(183): App\\Http\\Middleware\\IsAdmin->handle()
#31 /home/1216096.cloudwaysapps.com/fcmhbgzmxb/public_html/app/Http/Middleware/CheckForMaintenanceMode.php(64): Illuminate\\Pipeline\\Pipeline->{closure:{closure:Illuminate\\Pipeline\\Pipeline::carry():158}:159}()
#32 /home/1216096.cloudwaysapps.com/fcmhbgzmxb/public_html/vendor/laravel/framework/src/Illuminate/Pipeline/Pipeline.php(183): App\\Http\\Middleware\\CheckForMaintenanceMode->handle()
#33 /home/1216096.cloudwaysapps.com/fcmhbgzmxb/public_html/app/Http/Middleware/HttpsProtocol.php(20): Illuminate\\Pipeline\\Pipeline->{closure:{closure:Illuminate\\Pipeline\\Pipeline::carry():158}:159}()
#34 /home/1216096.cloudwaysapps.com/fcmhbgzmxb/public_html/vendor/laravel/framework/src/Illuminate/Pipeline/Pipeline.php(183): App\\Http\\Middleware\\HttpsProtocol->handle()
#35 /home/1216096.cloudwaysapps.com/fcmhbgzmxb/public_html/app/Http/Middleware/Language.php(35): Illuminate\\Pipeline\\Pipeline->{closure:{closure:Illuminate\\Pipeline\\Pipeline::carry():158}:159}()
#36 /home/1216096.cloudwaysapps.com/fcmhbgzmxb/public_html/vendor/laravel/framework/src/Illuminate/Pipeline/Pipeline.php(183): App\\Http\\Middleware\\Language->handle()
#37 /home/1216096.cloudwaysapps.com/fcmhbgzmxb/public_html/vendor/laravel/framework/src/Illuminate/Routing/Middleware/SubstituteBindings.php(50): Illuminate\\Pipeline\\Pipeline->{closure:{closure:Illuminate\\Pipeline\\Pipeline::carry():158}:159}()
#38 /home/1216096.cloudwaysapps.com/fcmhbgzmxb/public_html/vendor/laravel/framework/src/Illuminate/Pipeline/Pipeline.php(183): Illuminate\\Routing\\Middleware\\SubstituteBindings->handle()
#39 /home/1216096.cloudwaysapps.com/fcmhbgzmxb/public_html/vendor/laravel/framework/src/Illuminate/Auth/Middleware/Authenticate.php(57): Illuminate\\Pipeline\\Pipeline->{closure:{closure:Illuminate\\Pipeline\\Pipeline::carry():158}:159}()
#40 /home/1216096.cloudwaysapps.com/fcmhbgzmxb/public_html/vendor/laravel/framework/src/Illuminate/Pipeline/Pipeline.php(183): Illuminate\\Auth\\Middleware\\Authenticate->handle()
#41 /home/1216096.cloudwaysapps.com/fcmhbgzmxb/public_html/vendor/laravel/framework/src/Illuminate/Foundation/Http/Middleware/VerifyCsrfToken.php(78): Illuminate\\Pipeline\\Pipeline->{closure:{closure:Illuminate\\Pipeline\\Pipeline::carry():158}:159}()
#42 /home/1216096.cloudwaysapps.com/fcmhbgzmxb/public_html/vendor/laravel/framework/src/Illuminate/Pipeline/Pipeline.php(183): Illuminate\\Foundation\\Http\\Middleware\\VerifyCsrfToken->handle()
#43 /home/1216096.cloudwaysapps.com/fcmhbgzmxb/public_html/vendor/laravel/framework/src/Illuminate/Cookie/Middleware/AddQueuedCookiesToResponse.php(37): Illuminate\\Pipeline\\Pipeline->{closure:{closure:Illuminate\\Pipeline\\Pipeline::carry():158}:159}()
#44 /home/1216096.cloudwaysapps.com/fcmhbgzmxb/public_html/vendor/laravel/framework/src/Illuminate/Pipeline/Pipeline.php(183): Illuminate\\Cookie\\Middleware\\AddQueuedCookiesToResponse->handle()
#45 /home/1216096.cloudwaysapps.com/fcmhbgzmxb/public_html/vendor/laravel/framework/src/Illuminate/Pipeline/Pipeline.php(119): Illuminate\\Pipeline\\Pipeline->{closure:{closure:Illuminate\\Pipeline\\Pipeline::carry():158}:159}()
#46 /home/1216096.cloudwaysapps.com/fcmhbgzmxb/public_html/vendor/laravel/framework/src/Illuminate/Routing/Router.php(805): Illuminate\\Pipeline\\Pipeline->then()
#47 /home/1216096.cloudwaysapps.com/fcmhbgzmxb/public_html/vendor/laravel/framework/src/Illuminate/Routing/Router.php(784): Illuminate\\Routing\\Router->runRouteWithinStack()
#48 /home/1216096.cloudwaysapps.com/fcmhbgzmxb/public_html/vendor/laravel/framework/src/Illuminate/Routing/Router.php(748): Illuminate\\Routing\\Router->runRoute()
#49 /home/1216096.cloudwaysapps.com/fcmhbgzmxb/public_html/vendor/laravel/framework/src/Illuminate/Routing/Router.php(737): Illuminate\\Routing\\Router->dispatchToRoute()
#50 /home/1216096.cloudwaysapps.com/fcmhbgzmxb/public_html/vendor/laravel/framework/src/Illuminate/Foundation/Http/Kernel.php(200): Illuminate\\Routing\\Router->dispatch()
#51 /home/1216096.cloudwaysapps.com/fcmhbgzmxb/public_html/vendor/laravel/framework/src/Illuminate/Pipeline/Pipeline.php(144): Illuminate\\Foundation\\Http\\Kernel->{closure:Illuminate\\Foundation\\Http\\Kernel::dispatchToRouter():197}()
#52 /home/1216096.cloudwaysapps.com/fcmhbgzmxb/public_html/vendor/laravel/framework/src/Illuminate/View/Middleware/ShareErrorsFromSession.php(49): Illuminate\\Pipeline\\Pipeline->{closure:Illuminate\\Pipeline\\Pipeline::prepareDestination():142}()
#53 /home/1216096.cloudwaysapps.com/fcmhbgzmxb/public_html/vendor/laravel/framework/src/Illuminate/Pipeline/Pipeline.php(183): Illuminate\\View\\Middleware\\ShareErrorsFromSession->handle()
#54 /home/1216096.cloudwaysapps.com/fcmhbgzmxb/public_html/vendor/laravel/framework/src/Illuminate/Session/Middleware/StartSession.php(121): Illuminate\\Pipeline\\Pipeline->{closure:{closure:Illuminate\\Pipeline\\Pipeline::carry():158}:159}()
#55 /home/1216096.cloudwaysapps.com/fcmhbgzmxb/public_html/vendor/laravel/framework/src/Illuminate/Session/Middleware/StartSession.php(64): Illuminate\\Session\\Middleware\\StartSession->handleStatefulRequest()
#56 /home/1216096.cloudwaysapps.com/fcmhbgzmxb/public_html/vendor/laravel/framework/src/Illuminate/Pipeline/Pipeline.php(183): Illuminate\\Session\\Middleware\\StartSession->handle()
#57 /home/1216096.cloudwaysapps.com/fcmhbgzmxb/public_html/vendor/laravel/framework/src/Illuminate/Http/Middleware/TrustProxies.php(39): Illuminate\\Pipeline\\Pipeline->{closure:{closure:Illuminate\\Pipeline\\Pipeline::carry():158}:159}()
#58 /home/1216096.cloudwaysapps.com/fcmhbgzmxb/public_html/vendor/laravel/framework/src/Illuminate/Pipeline/Pipeline.php(183): Illuminate\\Http\\Middleware\\TrustProxies->handle()
#59 /home/1216096.cloudwaysapps.com/fcmhbgzmxb/public_html/vendor/laravel/framework/src/Illuminate/Foundation/Http/Middleware/TransformsRequest.php(21): Illuminate\\Pipeline\\Pipeline->{closure:{closure:Illuminate\\Pipeline\\Pipeline::carry():158}:159}()
#60 /home/1216096.cloudwaysapps.com/fcmhbgzmxb/public_html/vendor/laravel/framework/src/Illuminate/Foundation/Http/Middleware/ConvertEmptyStringsToNull.php(31): Illuminate\\Foundation\\Http\\Middleware\\TransformsRequest->handle()
#61 /home/1216096.cloudwaysapps.com/fcmhbgzmxb/public_html/vendor/laravel/framework/src/Illuminate/Pipeline/Pipeline.php(183): Illuminate\\Foundation\\Http\\Middleware\\ConvertEmptyStringsToNull->handle()
#62 /home/1216096.cloudwaysapps.com/fcmhbgzmxb/public_html/vendor/laravel/framework/src/Illuminate/Foundation/Http/Middleware/TransformsRequest.php(21): Illuminate\\Pipeline\\Pipeline->{closure:{closure:Illuminate\\Pipeline\\Pipeline::carry():158}:159}()
#63 /home/1216096.cloudwaysapps.com/fcmhbgzmxb/public_html/vendor/laravel/framework/src/Illuminate/Foundation/Http/Middleware/TrimStrings.php(40): Illuminate\\Foundation\\Http\\Middleware\\TransformsRequest->handle()
#64 /home/1216096.cloudwaysapps.com/fcmhbgzmxb/public_html/vendor/laravel/framework/src/Illuminate/Pipeline/Pipeline.php(183): Illuminate\\Foundation\\Http\\Middleware\\TrimStrings->handle()
#65 /home/1216096.cloudwaysapps.com/fcmhbgzmxb/public_html/vendor/laravel/framework/src/Illuminate/Foundation/Http/Middleware/ValidatePostSize.php(27): Illuminate\\Pipeline\\Pipeline->{closure:{closure:Illuminate\\Pipeline\\Pipeline::carry():158}:159}()
#66 /home/1216096.cloudwaysapps.com/fcmhbgzmxb/public_html/vendor/laravel/framework/src/Illuminate/Pipeline/Pipeline.php(183): Illuminate\\Foundation\\Http\\Middleware\\ValidatePostSize->handle()
#67 /home/1216096.cloudwaysapps.com/fcmhbgzmxb/public_html/vendor/laravel/framework/src/Illuminate/Pipeline/Pipeline.php(119): Illuminate\\Pipeline\\Pipeline->{closure:{closure:Illuminate\\Pipeline\\Pipeline::carry():158}:159}()
#68 /home/1216096.cloudwaysapps.com/fcmhbgzmxb/public_html/vendor/laravel/framework/src/Illuminate/Foundation/Http/Kernel.php(175): Illuminate\\Pipeline\\Pipeline->then()
#69 /home/1216096.cloudwaysapps.com/fcmhbgzmxb/public_html/vendor/laravel/framework/src/Illuminate/Foundation/Http/Kernel.php(144): Illuminate\\Foundation\\Http\\Kernel->sendRequestThroughRouter()
#70 /home/1216096.cloudwaysapps.com/fcmhbgzmxb/public_html/index.php(56): Illuminate\\Foundation\\Http\\Kernel->handle()
#71 {main}
"} 
[2026-08-12 09:37:03] production.ERROR: Attempt to read property "meta_title" on null (View: /home/1216096.cloudwaysapps.com/fcmhbgzmxb/public_html/resources/views/frontend/blog/details.blade.php) {"exception":"[object] (Illuminate\\View\\ViewException(code: 0): Attempt to read property \"meta_title\" on null (View: /home/1216096.cloudwaysapps.com/fcmhbgzmxb/public_html/resources/views/frontend/blog/details.blade.php) at /home/1216096.cloudwaysapps.com/fcmhbgzmxb/public_html/storage/framework/views/8cbc4f9eae0878dd9bd3a8fa0f659a04.php:3)
[stacktrace]
#0 /home/1216096.cloudwaysapps.com/fcmhbgzmxb/public_html/vendor/laravel/framework/src/Illuminate/View/Engines/PhpEngine.php(60): Illuminate\\View\\Engines\\CompilerEngine->handleViewException()
#1 /home/1216096.cloudwaysapps.com/fcmhbgzmxb/public_html/vendor/laravel/framework/src/Illuminate/View/Engines/CompilerEngine.php(72): Illuminate\\View\\Engines\\PhpEngine->evaluatePath()
#2 /home/1216096.cloudwaysapps.com/fcmhbgzmxb/public_html/vendor/laravel/framework/src/Illuminate/View/View.php(207): Illuminate\\View\\Engines\\CompilerEngine->get()
#3 /home/1216096.cloudwaysapps.com/fcmhbgzmxb/public_html/vendor/laravel/framework/src/Illuminate/View/View.php(190): Illuminate\\View\\View->getContents()
#4 /home/1216096.cloudwaysapps.com/fcmhbgzmxb/public_html/vendor/laravel/framework/src/Illuminate/View/View.php(159): Illuminate\\View\\View->renderContents()
#5 /home/1216096.cloudwaysapps.com/fcmhbgzmxb/public_html/vendor/laravel/framework/src/Illuminate/Http/Response.php(69): Illuminate\\View\\View->render()
#6 /home/1216096.cloudwaysapps.com/fcmhbgzmxb/public_html/vendor/laravel/framework/src/Illuminate/Http/Response.php(35): Illuminate\\Http\\Response->setContent()
#7 /home/1216096.cloudwaysapps.com/fcmhbgzmxb/public_html/vendor/laravel/framework/src/Illuminate/Routing/Router.php(918): Illuminate\\Http\\Response->__construct()
#8 /home/1216096.cloudwaysapps.com/fcmhbgzmxb/public_html/vendor/laravel/framework/src/Illuminate/Routing/Router.php(885): Illuminate\\Routing\\Router::toResponse()
#9 /home/1216096.cloudwaysapps.com/fcmhbgzmxb/public_html/vendor/laravel/framework/src/Illuminate/Routing/Router.php(805): Illuminate\\Routing\\Router->prepareResponse()
#10 /home/1216096.cloudwaysapps.com/fcmhbgzmxb/public_html/vendor/laravel/framework/src/Illuminate/Pipeline/Pipeline.php(144): Illuminate\\Routing\\Router->{closure:Illuminate\\Routing\\Router::runRouteWithinStack():805}()
#11 /home/1216096.cloudwaysapps.com/fcmhbgzmxb/public_html/app/Http/Middleware/CheckForMaintenanceMode.php(64): Illuminate\\Pipeline\\Pipeline->{closure:Illuminate\\Pipeline\\Pipeline::prepareDestination():142}()
#12 /home/1216096.cloudwaysapps.com/fcmhbgzmxb/public_html/vendor/laravel/framework/src/Illuminate/Pipeline/Pipeline.php(183): App\\Http\\Middleware\\CheckForMaintenanceMode->handle()
#13 /home/1216096.cloudwaysapps.com/fcmhbgzmxb/public_html/app/Http/Middleware/HttpsProtocol.php(20): Illuminate\\Pipeline\\Pipeline->{closure:{closure:Illuminate\\Pipeline\\Pipeline::carry():158}:159}()
#14 /home/1216096.cloudwaysapps.com/fcmhbgzmxb/public_html/vendor/laravel/framework/src/Illuminate/Pipeline/Pipeline.php(183): App\\Http\\Middleware\\HttpsProtocol->handle()
#15 /home/1216096.cloudwaysapps.com/fcmhbgzmxb/public_html/app/Http/Middleware/Language.php(35): Illuminate\\Pipeline\\Pipeline->{closure:{closure:Illuminate\\Pipeline\\Pipeline::carry():158}:159}()
#16 /home/1216096.cloudwaysapps.com/fcmhbgzmxb/public_html/vendor/laravel/framework/src/Illuminate/Pipeline/Pipeline.php(183): App\\Http\\Middleware\\Language->handle()
#17 /home/1216096.cloudwaysapps.com/fcmhbgzmxb/public_html/vendor/laravel/framework/src/Illuminate/Routing/Middleware/SubstituteBindings.php(50): Illuminate\\Pipeline\\Pipeline->{closure:{closure:Illuminate\\Pipeline\\Pipeline::carry():158}:159}()
#18 /home/1216096.cloudwaysapps.com/fcmhbgzmxb/public_html/vendor/laravel/framework/src/Illuminate/Pipeline/Pipeline.php(183): Illuminate\\Routing\\Middleware\\SubstituteBindings->handle()
#19 /home/1216096.cloudwaysapps.com/fcmhbgzmxb/public_html/vendor/laravel/framework/src/Illuminate/Foundation/Http/Middleware/VerifyCsrfToken.php(78): Illuminate\\Pipeline\\Pipeline->{closure:{closure:Illuminate\\Pipeline\\Pipeline::carry():158}:159}()
#20 /home/1216096.cloudwaysapps.com/fcmhbgzmxb/public_html/vendor/laravel/framework/src/Illuminate/Pipeline/Pipeline.php(183): Illuminate\\Foundation\\Http\\Middleware\\VerifyCsrfToken->handle()
#21 /home/1216096.cloudwaysapps.com/fcmhbgzmxb/public_html/vendor/laravel/framework/src/Illuminate/Cookie/Middleware/AddQueuedCookiesToResponse.php(37): Illuminate\\Pipeline\\Pipeline->{closure:{closure:Illuminate\\Pipeline\\Pipeline::carry():158}:159}()
#22 /home/1216096.cloudwaysapps.com/fcmhbgzmxb/public_html/vendor/laravel/framework/src/Illuminate/Pipeline/Pipeline.php(183): Illuminate\\Cookie\\Middleware\\AddQueuedCookiesToResponse->handle()
#23 /home/1216096.cloudwaysapps.com/fcmhbgzmxb/public_html/vendor/laravel/framework/src/Illuminate/Pipeline/Pipeline.php(119): Illuminate\\Pipeline\\Pipeline->{closure:{closure:Illuminate\\Pipeline\\Pipeline::carry():158}:159}()
#24 /home/1216096.cloudwaysapps.com/fcmhbgzmxb/public_html/vendor/laravel/framework/src/Illuminate/Routing/Router.php(805): Illuminate\\Pipeline\\Pipeline->then()
#25 /home/1216096.cloudwaysapps.com/fcmhbgzmxb/public_html/vendor/laravel/framework/src/Illuminate/Routing/Router.php(784): Illuminate\\Routing\\Router->runRouteWithinStack()
#26 /home/1216096.cloudwaysapps.com/fcmhbgzmxb/public_html/vendor/laravel/framework/src/Illuminate/Routing/Router.php(748): Illuminate\\Routing\\Router->runRoute()
#27 /home/1216096.cloudwaysapps.com/fcmhbgzmxb/public_html/vendor/laravel/framework/src/Illuminate/Routing/Router.php(737): Illuminate\\Routing\\Router->dispatchToRoute()
#28 /home/1216096.cloudwaysapps.com/fcmhbgzmxb/public_html/vendor/laravel/framework/src/Illuminate/Foundation/Http/Kernel.php(200): Illuminate\\Routing\\Router->dispatch()
#29 /home/1216096.cloudwaysapps.com/fcmhbgzmxb/public_html/vendor/laravel/framework/src/Illuminate/Pipeline/Pipeline.php(144): Illuminate\\Foundation\\Http\\Kernel->{closure:Illuminate\\Foundation\\Http\\Kernel::dispatchToRouter():197}()
#30 /home/1216096.cloudwaysapps.com/fcmhbgzmxb/public_html/vendor/laravel/framework/src/Illuminate/View/Middleware/ShareErrorsFromSession.php(49): Illuminate\\Pipeline\\Pipeline->{closure:Illuminate\\Pipeline\\Pipeline::prepareDestination():142}()
#31 /home/1216096.cloudwaysapps.com/fcmhbgzmxb/public_html/vendor/laravel/framework/src/Illuminate/Pipeline/Pipeline.php(183): Illuminate\\View\\Middleware\\ShareErrorsFromSession->handle()
#32 /home/1216096.cloudwaysapps.com/fcmhbgzmxb/public_html/vendor/laravel/framework/src/Illuminate/Session/Middleware/StartSession.php(121): Illuminate\\Pipeline\\Pipeline->{closure:{closure:Illuminate\\Pipeline\\Pipeline::carry():158}:159}()
#33 /home/1216096.cloudwaysapps.com/fcmhbgzmxb/public_html/vendor/laravel/framework/src/Illuminate/Session/Middleware/StartSession.php(64): Illuminate\\Session\\Middleware\\StartSession->handleStatefulRequest()
#34 /home/1216096.cloudwaysapps.com/fcmhbgzmxb/public_html/vendor/laravel/framework/src/Illuminate/Pipeline/Pipeline.php(183): Illuminate\\Session\\Middleware\\StartSession->handle()
#35 /home/1216096.cloudwaysapps.com/fcmhbgzmxb/public_html/vendor/laravel/framework/src/Illuminate/Http/Middleware/TrustProxies.php(39): Illuminate\\Pipeline\\Pipeline->{closure:{closure:Illuminate\\Pipeline\\Pipeline::carry():158}:159}()
#36 /home/1216096.cloudwaysapps.com/fcmhbgzmxb/public_html/vendor/laravel/framework/src/Illuminate/Pipeline/Pipeline.php(183): Illuminate\\Http\\Middleware\\TrustProxies->handle()
#37 /home/1216096.cloudwaysapps.com/fcmhbgzmxb/public_html/vendor/laravel/framework/src/Illuminate/Foundation/Http/Middleware/TransformsRequest.php(21): Illuminate\\Pipeline\\Pipeline->{closure:{closure:Illuminate\\Pipeline\\Pipeline::carry():158}:159}()
#38 /home/1216096.cloudwaysapps.com/fcmhbgzmxb/public_html/vendor/laravel/framework/src/Illuminate/Foundation/Http/Middleware/ConvertEmptyStringsToNull.php(31): Illuminate\\Foundation\\Http\\Middleware\\TransformsRequest->handle()
#39 /home/1216096.cloudwaysapps.com/fcmhbgzmxb/public_html/vendor/laravel/framework/src/Illuminate/Pipeline/Pipeline.php(183): Illuminate\\Foundation\\Http\\Middleware\\ConvertEmptyStringsToNull->handle()
#40 /home/1216096.cloudwaysapps.com/fcmhbgzmxb/public_html/vendor/laravel/framework/src/Illuminate/Foundation/Http/Middleware/TransformsRequest.php(21): Illuminate\\Pipeline\\Pipeline->{closure:{closure:Illuminate\\Pipeline\\Pipeline::carry():158}:159}()
#41 /home/1216096.cloudwaysapps.com/fcmhbgzmxb/public_html/vendor/laravel/framework/src/Illuminate/Foundation/Http/Middleware/TrimStrings.php(40): Illuminate\\Foundation\\Http\\Middleware\\TransformsRequest->handle()
#42 /home/1216096.cloudwaysapps.com/fcmhbgzmxb/public_html/vendor/laravel/framework/src/Illuminate/Pipeline/Pipeline.php(183): Illuminate\\Foundation\\Http\\Middleware\\TrimStrings->handle()
#43 /home/1216096.cloudwaysapps.com/fcmhbgzmxb/public_html/vendor/laravel/framework/src/Illuminate/Foundation/Http/Middleware/ValidatePostSize.php(27): Illuminate\\Pipeline\\Pipeline->{closure:{closure:Illuminate\\Pipeline\\Pipeline::carry():158}:159}()
#44 /home/1216096.cloudwaysapps.com/fcmhbgzmxb/public_html/vendor/laravel/framework/src/Illuminate/Pipeline/Pipeline.php(183): Illuminate\\Foundation\\Http\\Middleware\\ValidatePostSize->handle()
#45 /home/1216096.cloudwaysapps.com/fcmhbgzmxb/public_html/vendor/laravel/framework/src/Illuminate/Pipeline/Pipeline.php(119): Illuminate\\Pipeline\\Pipeline->{closure:{closure:Illuminate\\Pipeline\\Pipeline::carry():158}:159}()
#46 /home/1216096.cloudwaysapps.com/fcmhbgzmxb/public_html/vendor/laravel/framework/src/Illuminate/Foundation/Http/Kernel.php(175): Illuminate\\Pipeline\\Pipeline->then()
#47 /home/1216096.cloudwaysapps.com/fcmhbgzmxb/public_html/vendor/laravel/framework/src/Illuminate/Foundation/Http/Kernel.php(144): Illuminate\\Foundation\\Http\\Kernel->sendRequestThroughRouter()
#48 /home/1216096.cloudwaysapps.com/fcmhbgzmxb/public_html/index.php(56): Illuminate\\Foundation\\Http\\Kernel->handle()
#49 {main}

[previous exception] [object] (ErrorException(code: 0): Attempt to read property \"meta_title\" on null at /home/1216096.cloudwaysapps.com/fcmhbgzmxb/public_html/storage/framework/views/8cbc4f9eae0878dd9bd3a8fa0f659a04.php:3)
[stacktrace]
#0 /home/1216096.cloudwaysapps.com/fcmhbgzmxb/public_html/vendor/laravel/framework/src/Illuminate/Foundation/Bootstrap/HandleExceptions.php(255): Illuminate\\Foundation\\Bootstrap\\HandleExceptions->handleError()
#1 /home/1216096.cloudwaysapps.com/fcmhbgzmxb/public_html/storage/framework/views/8cbc4f9eae0878dd9bd3a8fa0f659a04.php(3): Illuminate\\Foundation\\Bootstrap\\HandleExceptions->{closure:Illuminate\\Foundation\\Bootstrap\\HandleExceptions::forwardsTo():254}()
#2 /home/1216096.cloudwaysapps.com/fcmhbgzmxb/public_html/vendor/laravel/framework/src/Illuminate/Filesystem/Filesystem.php(123): require('/home/1216096.c...')
#3 /home/1216096.cloudwaysapps.com/fcmhbgzmxb/public_html/vendor/laravel/framework/src/Illuminate/Filesystem/Filesystem.php(124): Illuminate\\Filesystem\\Filesystem::{closure:Illuminate\\Filesystem\\Filesystem::getRequire():120}()
#4 /home/1216096.cloudwaysapps.com/fcmhbgzmxb/public_html/vendor/laravel/framework/src/Illuminate/View/Engines/PhpEngine.php(58): Illuminate\\Filesystem\\Filesystem->getRequire()
#5 /home/1216096.cloudwaysapps.com/fcmhbgzmxb/public_html/vendor/laravel/framework/src/Illuminate/View/Engines/CompilerEngine.php(72): Illuminate\\View\\Engines\\PhpEngine->evaluatePath()
#6 /home/1216096.cloudwaysapps.com/fcmhbgzmxb/public_html/vendor/laravel/framework/src/Illuminate/View/View.php(207): Illuminate\\View\\Engines\\CompilerEngine->get()
#7 /home/1216096.cloudwaysapps.com/fcmhbgzmxb/public_html/vendor/laravel/framework/src/Illuminate/View/View.php(190): Illuminate\\View\\View->getContents()
#8 /home/1216096.cloudwaysapps.com/fcmhbgzmxb/public_html/vendor/laravel/framework/src/Illuminate/View/View.php(159): Illuminate\\View\\View->renderContents()
#9 /home/1216096.cloudwaysapps.com/fcmhbgzmxb/public_html/vendor/laravel/framework/src/Illuminate/Http/Response.php(69): Illuminate\\View\\View->render()
#10 /home/1216096.cloudwaysapps.com/fcmhbgzmxb/public_html/vendor/laravel/framework/src/Illuminate/Http/Response.php(35): Illuminate\\Http\\Response->setContent()
#11 /home/1216096.cloudwaysapps.com/fcmhbgzmxb/public_html/vendor/laravel/framework/src/Illuminate/Routing/Router.php(918): Illuminate\\Http\\Response->__construct()
#12 /home/1216096.cloudwaysapps.com/fcmhbgzmxb/public_html/vendor/laravel/framework/src/Illuminate/Routing/Router.php(885): Illuminate\\Routing\\Router::toResponse()
#13 /home/1216096.cloudwaysapps.com/fcmhbgzmxb/public_html/vendor/laravel/framework/src/Illuminate/Routing/Router.php(805): Illuminate\\Routing\\Router->prepareResponse()
#14 /home/1216096.cloudwaysapps.com/fcmhbgzmxb/public_html/vendor/laravel/framework/src/Illuminate/Pipeline/Pipeline.php(144): Illuminate\\Routing\\Router->{closure:Illuminate\\Routing\\Router::runRouteWithinStack():805}()
#15 /home/1216096.cloudwaysapps.com/fcmhbgzmxb/public_html/app/Http/Middleware/CheckForMaintenanceMode.php(64): Illuminate\\Pipeline\\Pipeline->{closure:Illuminate\\Pipeline\\Pipeline::prepareDestination():142}()
#16 /home/1216096.cloudwaysapps.com/fcmhbgzmxb/public_html/vendor/laravel/framework/src/Illuminate/Pipeline/Pipeline.php(183): App\\Http\\Middleware\\CheckForMaintenanceMode->handle()
#17 /home/1216096.cloudwaysapps.com/fcmhbgzmxb/public_html/app/Http/Middleware/HttpsProtocol.php(20): Illuminate\\Pipeline\\Pipeline->{closure:{closure:Illuminate\\Pipeline\\Pipeline::carry():158}:159}()
#18 /home/1216096.cloudwaysapps.com/fcmhbgzmxb/public_html/vendor/laravel/framework/src/Illuminate/Pipeline/Pipeline.php(183): App\\Http\\Middleware\\HttpsProtocol->handle()
#19 /home/1216096.cloudwaysapps.com/fcmhbgzmxb/public_html/app/Http/Middleware/Language.php(35): Illuminate\\Pipeline\\Pipeline->{closure:{closure:Illuminate\\Pipeline\\Pipeline::carry():158}:159}()
#20 /home/1216096.cloudwaysapps.com/fcmhbgzmxb/public_html/vendor/laravel/framework/src/Illuminate/Pipeline/Pipeline.php(183): App\\Http\\Middleware\\Language->handle()
#21 /home/1216096.cloudwaysapps.com/fcmhbgzmxb/public_html/vendor/laravel/framework/src/Illuminate/Routing/Middleware/SubstituteBindings.php(50): Illuminate\\Pipeline\\Pipeline->{closure:{closure:Illuminate\\Pipeline\\Pipeline::carry():158}:159}()
#22 /home/1216096.cloudwaysapps.com/fcmhbgzmxb/public_html/vendor/laravel/framework/src/Illuminate/Pipeline/Pipeline.php(183): Illuminate\\Routing\\Middleware\\SubstituteBindings->handle()
#23 /home/1216096.cloudwaysapps.com/fcmhbgzmxb/public_html/vendor/laravel/framework/src/Illuminate/Foundation/Http/Middleware/VerifyCsrfToken.php(78): Illuminate\\Pipeline\\Pipeline->{closure:{closure:Illuminate\\Pipeline\\Pipeline::carry():158}:159}()
#24 /home/1216096.cloudwaysapps.com/fcmhbgzmxb/public_html/vendor/laravel/framework/src/Illuminate/Pipeline/Pipeline.php(183): Illuminate\\Foundation\\Http\\Middleware\\VerifyCsrfToken->handle()
#25 /home/1216096.cloudwaysapps.com/fcmhbgzmxb/public_html/vendor/laravel/framework/src/Illuminate/Cookie/Middleware/AddQueuedCookiesToResponse.php(37): Illuminate\\Pipeline\\Pipeline->{closure:{closure:Illuminate\\Pipeline\\Pipeline::carry():158}:159}()
#26 /home/1216096.cloudwaysapps.com/fcmhbgzmxb/public_html/vendor/laravel/framework/src/Illuminate/Pipeline/Pipeline.php(183): Illuminate\\Cookie\\Middleware\\AddQueuedCookiesToResponse->handle()
#27 /home/1216096.cloudwaysapps.com/fcmhbgzmxb/public_html/vendor/laravel/framework/src/Illuminate/Pipeline/Pipeline.php(119): Illuminate\\Pipeline\\Pipeline->{closure:{closure:Illuminate\\Pipeline\\Pipeline::carry():158}:159}()
#28 /home/1216096.cloudwaysapps.com/fcmhbgzmxb/public_html/vendor/laravel/framework/src/Illuminate/Routing/Router.php(805): Illuminate\\Pipeline\\Pipeline->then()
#29 /home/1216096.cloudwaysapps.com/fcmhbgzmxb/public_html/vendor/laravel/framework/src/Illuminate/Routing/Router.php(784): Illuminate\\Routing\\Router->runRouteWithinStack()
#30 /home/1216096.cloudwaysapps.com/fcmhbgzmxb/public_html/vendor/laravel/framework/src/Illuminate/Routing/Router.php(748): Illuminate\\Routing\\Router->runRoute()
#31 /home/1216096.cloudwaysapps.com/fcmhbgzmxb/public_html/vendor/laravel/framework/src/Illuminate/Routing/Router.php(737): Illuminate\\Routing\\Router->dispatchToRoute()
#32 /home/1216096.cloudwaysapps.com/fcmhbgzmxb/public_html/vendor/laravel/framework/src/Illuminate/Foundation/Http/Kernel.php(200): Illuminate\\Routing\\Router->dispatch()
#33 /home/1216096.cloudwaysapps.com/fcmhbgzmxb/public_html/vendor/laravel/framework/src/Illuminate/Pipeline/Pipeline.php(144): Illuminate\\Foundation\\Http\\Kernel->{closure:Illuminate\\Foundation\\Http\\Kernel::dispatchToRouter():197}()
#34 /home/1216096.cloudwaysapps.com/fcmhbgzmxb/public_html/vendor/laravel/framework/src/Illuminate/View/Middleware/ShareErrorsFromSession.php(49): Illuminate\\Pipeline\\Pipeline->{closure:Illuminate\\Pipeline\\Pipeline::prepareDestination():142}()
#35 /home/1216096.cloudwaysapps.com/fcmhbgzmxb/public_html/vendor/laravel/framework/src/Illuminate/Pipeline/Pipeline.php(183): Illuminate\\View\\Middleware\\ShareErrorsFromSession->handle()
#36 /home/1216096.cloudwaysapps.com/fcmhbgzmxb/public_html/vendor/laravel/framework/src/Illuminate/Session/Middleware/StartSession.php(121): Illuminate\\Pipeline\\Pipeline->{closure:{closure:Illuminate\\Pipeline\\Pipeline::carry():158}:159}()
#37 /home/1216096.cloudwaysapps.com/fcmhbgzmxb/public_html/vendor/laravel/framework/src/Illuminate/Session/Middleware/StartSession.php(64): Illuminate\\Session\\Middleware\\StartSession->handleStatefulRequest()
#38 /home/1216096.cloudwaysapps.com/fcmhbgzmxb/public_html/vendor/laravel/framework/src/Illuminate/Pipeline/Pipeline.php(183): Illuminate\\Session\\Middleware\\StartSession->handle()
#39 /home/1216096.cloudwaysapps.com/fcmhbgzmxb/public_html/vendor/laravel/framework/src/Illuminate/Http/Middleware/TrustProxies.php(39): Illuminate\\Pipeline\\Pipeline->{closure:{closure:Illuminate\\Pipeline\\Pipeline::carry():158}:159}()
#40 /home/1216096.cloudwaysapps.com/fcmhbgzmxb/public_html/vendor/laravel/framework/src/Illuminate/Pipeline/Pipeline.php(183): Illuminate\\Http\\Middleware\\TrustProxies->handle()
#41 /home/1216096.cloudwaysapps.com/fcmhbgzmxb/public_html/vendor/laravel/framework/src/Illuminate/Foundation/Http/Middleware/TransformsRequest.php(21): Illuminate\\Pipeline\\Pipeline->{closure:{closure:Illuminate\\Pipeline\\Pipeline::carry():158}:159}()
#42 /home/1216096.cloudwaysapps.com/fcmhbgzmxb/public_html/vendor/laravel/framework/src/Illuminate/Foundation/Http/Middleware/ConvertEmptyStringsToNull.php(31): Illuminate\\Foundation\\Http\\Middleware\\TransformsRequest->handle()
#43 /home/1216096.cloudwaysapps.com/fcmhbgzmxb/public_html/vendor/laravel/framework/src/Illuminate/Pipeline/Pipeline.php(183): Illuminate\\Foundation\\Http\\Middleware\\ConvertEmptyStringsToNull->handle()
#44 /home/1216096.cloudwaysapps.com/fcmhbgzmxb/public_html/vendor/laravel/framework/src/Illuminate/Foundation/Http/Middleware/TransformsRequest.php(21): Illuminate\\Pipeline\\Pipeline->{closure:{closure:Illuminate\\Pipeline\\Pipeline::carry():158}:159}()
#45 /home/1216096.cloudwaysapps.com/fcmhbgzmxb/public_html/vendor/laravel/framework/src/Illuminate/Foundation/Http/Middleware/TrimStrings.php(40): Illuminate\\Foundation\\Http\\Middleware\\TransformsRequest->handle()
#46 /home/1216096.cloudwaysapps.com/fcmhbgzmxb/public_html/vendor/laravel/framework/src/Illuminate/Pipeline/Pipeline.php(183): Illuminate\\Foundation\\Http\\Middleware\\TrimStrings->handle()
#47 /home/1216096.cloudwaysapps.com/fcmhbgzmxb/public_html/vendor/laravel/framework/src/Illuminate/Foundation/Http/Middleware/ValidatePostSize.php(27): Illuminate\\Pipeline\\Pipeline->{closure:{closure:Illuminate\\Pipeline\\Pipeline::carry():158}:159}()
#48 /home/1216096.cloudwaysapps.com/fcmhbgzmxb/public_html/vendor/laravel/framework/src/Illuminate/Pipeline/Pipeline.php(183): Illuminate\\Foundation\\Http\\Middleware\\ValidatePostSize->handle()
#49 /home/1216096.cloudwaysapps.com/fcmhbgzmxb/public_html/vendor/laravel/framework/src/Illuminate/Pipeline/Pipeline.php(119): Illuminate\\Pipeline\\Pipeline->{closure:{closure:Illuminate\\Pipeline\\Pipeline::carry():158}:159}()
#50 /home/1216096.cloudwaysapps.com/fcmhbgzmxb/public_html/vendor/laravel/framework/src/Illuminate/Foundation/Http/Kernel.php(175): Illuminate\\Pipeline\\Pipeline->then()
#51 /home/1216096.cloudwaysapps.com/fcmhbgzmxb/public_html/vendor/laravel/framework/src/Illuminate/Foundation/Http/Kernel.php(144): Illuminate\\Foundation\\Http\\Kernel->sendRequestThroughRouter()
#52 /home/1216096.cloudwaysapps.com/fcmhbgzmxb/public_html/index.php(56): Illuminate\\Foundation\\Http\\Kernel->handle()
#53 {main}
"} 
